Component: ARM Compiler 5.06 update 7 (build 960) Tool: armlink [4d3601]

==============================================================================

Section Cross References

    startup_stm32f103xb.o(RESET) refers to startup_stm32f103xb.o(STACK) for __initial_sp
    startup_stm32f103xb.o(RESET) refers to startup_stm32f103xb.o(.text) for Reset_Handler
    startup_stm32f103xb.o(RESET) refers to stm32f1xx_it.o(i.NMI_Handler) for NMI_Handler
    startup_stm32f103xb.o(RESET) refers to stm32f1xx_it.o(i.HardFault_Handler) for HardFault_Handler
    startup_stm32f103xb.o(RESET) refers to stm32f1xx_it.o(i.MemManage_Handler) for MemManage_Handler
    startup_stm32f103xb.o(RESET) refers to stm32f1xx_it.o(i.BusFault_Handler) for BusFault_Handler
    startup_stm32f103xb.o(RESET) refers to stm32f1xx_it.o(i.UsageFault_Handler) for UsageFault_Handler
    startup_stm32f103xb.o(RESET) refers to port.o(.emb_text) for SVC_Handler
    startup_stm32f103xb.o(RESET) refers to stm32f1xx_it.o(i.DebugMon_Handler) for DebugMon_Handler
    startup_stm32f103xb.o(RESET) refers to cmsis_os2.o(i.SysTick_Handler) for SysTick_Handler
    startup_stm32f103xb.o(.text) refers to system_stm32f1xx.o(i.SystemInit) for SystemInit
    startup_stm32f103xb.o(.text) refers to entry.o(.ARM.Collect$$$$00000000) for __main
    main.o(i.SystemClock_Config) refers to memseta.o(.text) for __aeabi_memclr4
    main.o(i.SystemClock_Config) refers to stm32f1xx_hal_rcc.o(i.HAL_RCC_OscConfig) for HAL_RCC_OscConfig
    main.o(i.SystemClock_Config) refers to stm32f1xx_hal_rcc.o(i.HAL_RCC_ClockConfig) for HAL_RCC_ClockConfig
    main.o(i.kernelLEDTask) refers to cmsis_os2.o(i.osKernelGetState) for osKernelGetState
    main.o(i.kernelLEDTask) refers to stm32f1xx_hal_gpio.o(i.HAL_GPIO_TogglePin) for HAL_GPIO_TogglePin
    main.o(i.kernelLEDTask) refers to cmsis_os2.o(i.osDelay) for osDelay
    main.o(i.main) refers to stm32f1xx_hal.o(i.HAL_Init) for HAL_Init
    main.o(i.main) refers to main.o(i.SystemClock_Config) for SystemClock_Config
    main.o(i.main) refers to gpio.o(i.MX_GPIO_Init) for MX_GPIO_Init
    main.o(i.main) refers to can.o(i.MX_CAN_Init) for MX_CAN_Init
    main.o(i.main) refers to usart.o(i.MX_USART2_UART_Init) for MX_USART2_UART_Init
    main.o(i.main) refers to stm32f1xx_hal_can.o(i.HAL_CAN_Start) for HAL_CAN_Start
    main.o(i.main) refers to cmsis_os2.o(i.osKernelInitialize) for osKernelInitialize
    main.o(i.main) refers to cmsis_os2.o(i.osThreadNew) for osThreadNew
    main.o(i.main) refers to cmsis_os2.o(i.osKernelStart) for osKernelStart
    main.o(i.main) refers to can.o(.bss) for hcan
    main.o(i.main) refers to main.o(.constdata) for .constdata
    main.o(i.main) refers to main.o(i.sendBatteryCANMsg) for sendBatteryCANMsg
    main.o(i.main) refers to main.o(.data) for .data
    main.o(i.main) refers to main.o(i.sendMotorTempMsg) for sendMotorTempMsg
    main.o(i.sendBatteryCANMsg) refers to xorshift.o(i.rand) for rand
    main.o(i.sendBatteryCANMsg) refers to memcpya.o(.text) for __aeabi_memcpy4
    main.o(i.sendBatteryCANMsg) refers to xorshift.o(i.rand_array) for rand_array
    main.o(i.sendBatteryCANMsg) refers to stm32f1xx_hal_can.o(i.HAL_CAN_GetTxMailboxesFreeLevel) for HAL_CAN_GetTxMailboxesFreeLevel
    main.o(i.sendBatteryCANMsg) refers to stm32f1xx_hal_can.o(i.HAL_CAN_AddTxMessage) for HAL_CAN_AddTxMessage
    main.o(i.sendBatteryCANMsg) refers to stm32f1xx_hal_gpio.o(i.HAL_GPIO_TogglePin) for HAL_GPIO_TogglePin
    main.o(i.sendBatteryCANMsg) refers to cmsis_os2.o(i.osDelay) for osDelay
    main.o(i.sendBatteryCANMsg) refers to can.o(.data) for can_battery_headers
    main.o(i.sendBatteryCANMsg) refers to main.o(.data) for .data
    main.o(i.sendBatteryCANMsg) refers to can.o(.bss) for hcan
    main.o(i.sendMotorTempMsg) refers to ffltui.o(.text) for __aeabi_ui2f
    main.o(i.sendMotorTempMsg) refers to stm32f1xx_hal_can.o(i.HAL_CAN_GetTxMailboxesFreeLevel) for HAL_CAN_GetTxMailboxesFreeLevel
    main.o(i.sendMotorTempMsg) refers to stm32f1xx_hal_can.o(i.HAL_CAN_AddTxMessage) for HAL_CAN_AddTxMessage
    main.o(i.sendMotorTempMsg) refers to stm32f1xx_hal_gpio.o(i.HAL_GPIO_TogglePin) for HAL_GPIO_TogglePin
    main.o(i.sendMotorTempMsg) refers to cmsis_os2.o(i.osDelay) for osDelay
    main.o(i.sendMotorTempMsg) refers to main.o(.data) for .data
    main.o(i.sendMotorTempMsg) refers to can.o(.bss) for hcan
    main.o(.constdata) refers to main.o(.conststring) for .conststring
    main.o(.constdata) refers to main.o(.conststring) for .conststring
    gpio.o(i.MX_GPIO_Init) refers to stm32f1xx_hal_gpio.o(i.HAL_GPIO_WritePin) for HAL_GPIO_WritePin
    gpio.o(i.MX_GPIO_Init) refers to stm32f1xx_hal_gpio.o(i.HAL_GPIO_Init) for HAL_GPIO_Init
    can.o(i.HAL_CAN_MspDeInit) refers to stm32f1xx_hal_gpio.o(i.HAL_GPIO_DeInit) for HAL_GPIO_DeInit
    can.o(i.HAL_CAN_MspInit) refers to stm32f1xx_hal_gpio.o(i.HAL_GPIO_Init) for HAL_GPIO_Init
    can.o(i.MX_CAN_Init) refers to stm32f1xx_hal_can.o(i.HAL_CAN_Init) for HAL_CAN_Init
[...]
    Removing tasks.o(i.xTaskResumeFromISR), (136 bytes).
    Removing timers.o(.rev16_text), (4 bytes).
    Removing timers.o(.revsh_text), (4 bytes).
    Removing timers.o(.rrx_text), (6 bytes).
    Removing timers.o(i.pcTimerGetName), (4 bytes).
    Removing timers.o(i.prvInitialiseNewTimer), (70 bytes).
    Removing timers.o(i.pvTimerGetTimerID), (18 bytes).
    Removing timers.o(i.uxTimerGetReloadMode), (30 bytes).
    Removing timers.o(i.uxTimerGetTimerNumber), (4 bytes).
    Removing timers.o(i.vTimerSetReloadMode), (36 bytes).
    Removing timers.o(i.vTimerSetTimerID), (20 bytes).
    Removing timers.o(i.vTimerSetTimerNumber), (4 bytes).
    Removing timers.o(i.xTimerCreate), (52 bytes).
    Removing timers.o(i.xTimerCreateStatic), (26 bytes).
    Removing timers.o(i.xTimerGetExpiryTime), (4 bytes).
    Removing timers.o(i.xTimerGetPeriod), (4 bytes).
    Removing timers.o(i.xTimerGetTimerDaemonTaskHandle), (12 bytes).
    Removing timers.o(i.xTimerIsTimerActive), (32 bytes).
    Removing timers.o(i.xTimerPendFunctionCall), (64 bytes).
    Removing timers.o(i.xTimerPendFunctionCallFromISR), (64 bytes).

565 unused section(s) (total 26455 bytes) removed from the image.

==============================================================================

Image Symbol Table

    Local Symbols

    Symbol Name                              Value     Ov Type        Size  Object(Section)

    ../Core/Src/can.c                        0x00000000   Number         0  can.o ABSOLUTE
    ../Core/Src/gpio.c                       0x00000000   Number         0  gpio.o ABSOLUTE
    ../Core/Src/main.c                       0x00000000   Number         0  main.o ABSOLUTE
    ../Core/Src/stm32f1xx_hal_msp.c          0x00000000   Number         0  stm32f1xx_hal_msp.o ABSOLUTE
    ../Core/Src/stm32f1xx_it.c               0x00000000   Number         0  stm32f1xx_it.o ABSOLUTE
    ../Core/Src/system_stm32f1xx.c           0x00000000   Number         0  system_stm32f1xx.o ABSOLUTE
    ../Core/Src/usart.c                      0x00000000   Number         0  usart.o ABSOLUTE
    ../Drivers/STM32F1xx_HAL_Driver/Src/stm32f1xx_hal.c 0x00000000   Number         0  stm32f1xx_hal.o ABSOLUTE
    ../Drivers/STM32F1xx_HAL_Driver/Src/stm32f1xx_hal_can.c 0x00000000   Number         0  stm32f1xx_hal_can.o ABSOLUTE
    ../Drivers/STM32F1xx_HAL_Driver/Src/stm32f1xx_hal_cortex.c 0x00000000   Number         0  stm32f1xx_hal_cortex.o ABSOLUTE
    ../Drivers/STM32F1xx_HAL_Driver/Src/stm32f1xx_hal_dma.c 0x00000000   Number         0  stm32f1xx_hal_dma.o ABSOLUTE
    ../Drivers/STM32F1xx_HAL_Driver/Src/stm32f1xx_hal_exti.c 0x00000000   Number         0  stm32f1xx_hal_exti.o ABSOLUTE
    ../Drivers/STM32F1xx_HAL_Driver/Src/stm32f1xx_hal_flash.c 0x00000000   Number         0  stm32f1xx_hal_flash.o ABSOLUTE
    ../Drivers/STM32F1xx_HAL_Driver/Src/stm32f1xx_hal_flash_ex.c 0x00000000   Number         0  stm32f1xx_hal_flash_ex.o ABSOLUTE
    ../Drivers/STM32F1xx_HAL_Driver/Src/stm32f1xx_hal_gpio.c 0x00000000   Number         0  stm32f1xx_hal_gpio.o ABSOLUTE
    ../Drivers/STM32F1xx_HAL_Driver/Src/stm32f1xx_hal_gpio_ex.c 0x00000000   Number         0  stm32f1xx_hal_gpio_ex.o ABSOLUTE
    ../Drivers/STM32F1xx_HAL_Driver/Src/stm32f1xx_hal_pwr.c 0x00000000   Number         0  stm32f1xx_hal_pwr.o ABSOLUTE
    ../Drivers/STM32F1xx_HAL_Driver/Src/stm32f1xx_hal_rcc.c 0x00000000   Number         0  stm32f1xx_hal_rcc.o ABSOLUTE
    ../Drivers/STM32F1xx_HAL_Driver/Src/stm32f1xx_hal_rcc_ex.c 0x00000000   Number         0  stm32f1xx_hal_rcc_ex.o ABSOLUTE
    ../Drivers/STM32F1xx_HAL_Driver/Src/stm32f1xx_hal_tim.c 0x00000000   Number         0  stm32f1xx_hal_tim.o ABSOLUTE
    ../Drivers/STM32F1xx_HAL_Driver/Src/stm32f1xx_hal_tim_ex.c 0x00000000   Number         0  stm32f1xx_hal_tim_ex.o ABSOLUTE
    ../Drivers/STM32F1xx_HAL_Driver/Src/stm32f1xx_hal_uart.c 0x00000000   Number         0  stm32f1xx_hal_uart.o ABSOLUTE
    ../clib/../cmprslib/zerorunl2.c          0x00000000   Number         0  __dczerorl2.o ABSOLUTE
    ../clib/microlib/init/entry.s            0x00000000   Number         0  entry.o ABSOLUTE
    ../clib/microlib/init/entry.s            0x00000000   Number         0  entry5.o ABSOLUTE
    ../clib/microlib/init/entry.s            0x00000000   Number         0  entry2.o ABSOLUTE
    ../clib/microlib/init/entry.s            0x00000000   Number         0  entry8b.o ABSOLUTE
    ../clib/microlib/init/entry.s            0x00000000   Number         0  entry8a.o ABSOLUTE
    ../clib/microlib/init/entry.s            0x00000000   Number         0  entry12b.o ABSOLUTE
    ../clib/microlib/init/entry.s            0x00000000   Number         0  entry12a.o ABSOLUTE
    ../clib/microlib/init/entry.s            0x00000000   Number         0  entry11b.o ABSOLUTE
    ../clib/microlib/init/entry.s            0x00000000   Number         0  entry9a.o ABSOLUTE
    ../clib/microlib/init/entry.s            0x00000000   Number         0  entry7b.o ABSOLUTE
    ../clib/microlib/init/entry.s            0x00000000   Number         0  entry7a.o ABSOLUTE
    ../clib/microlib/init/entry.s            0x00000000   Number         0  entry11a.o ABSOLUTE
    ../clib/microlib/init/entry.s            0x00000000   Number         0  entry10b.o ABSOLUTE
    ../clib/microlib/init/entry.s            0x00000000   Number         0  entry10a.o ABSOLUTE
    ../clib/microlib/init/entry.s            0x00000000   Number         0  entry9b.o ABSOLUTE
    ../clib/microlib/longlong.c              0x00000000   Number         0  llushr.o ABSOLUTE
    ../clib/microlib/string/memcpy.c         0x00000000   Number         0  memcpyb.o ABSOLUTE
    ../clib/microlib/string/memcpy.c         0x00000000   Number         0  memcpya.o ABSOLUTE
    ../clib/microlib/string/memset.c         0x00000000   Number         0  memseta.o ABSOLUTE
    ../clib/microlib/stubs.s                 0x00000000   Number         0  iusefp.o ABSOLUTE
    ../fplib/microlib/fpepilogue.c           0x00000000   Number         0  fepilogue.o ABSOLUTE
    ../fplib/microlib/fpflt.c                0x00000000   Number         0  ffltui.o ABSOLUTE
    ..\Core\Src\can.c                        0x00000000   Number         0  can.o ABSOLUTE
    ..\Core\Src\gpio.c                       0x00000000   Number         0  gpio.o ABSOLUTE
    ..\Core\Src\main.c                       0x00000000   Number         0  main.o ABSOLUTE
    ..\Core\Src\stm32f1xx_hal_msp.c          0x00000000   Number         0  stm32f1xx_hal_msp.o ABSOLUTE
    ..\Core\Src\stm32f1xx_it.c               0x00000000   Number         0  stm32f1xx_it.o ABSOLUTE
    ..\Core\Src\system_stm32f1xx.c           0x00000000   Number         0  system_stm32f1xx.o ABSOLUTE
    ..\Core\Src\usart.c                      0x00000000   Number         0  usart.o ABSOLUTE
    ..\Core\Src\xorshift.c                   0x00000000   Number         0  xorshift.o ABSOLUTE
    ..\Drivers\STM32F1xx_HAL_Driver\Src\stm32f1xx_hal.c 0x00000000   Number         0  stm32f1xx_hal.o ABSOLUTE
    ..\Drivers\STM32F1xx_HAL_Driver\Src\stm32f1xx_hal_can.c 0x00000000   Number         0  stm32f1xx_hal_can.o ABSOLUTE
    ..\Drivers\STM32F1xx_HAL_Driver\Src\stm32f1xx_hal_cortex.c 0x00000000   Number         0  stm32f1xx_hal_cortex.o ABSOLUTE
    ..\Drivers\STM32F1xx_HAL_Driver\Src\stm32f1xx_hal_dma.c 0x00000000   Number         0  stm32f1xx_hal_dma.o ABSOLUTE
    ..\Drivers\STM32F1xx_HAL_Driver\Src\stm32f1xx_hal_exti.c 0x00000000   Number         0  stm32f1xx_hal_exti.o ABSOLUTE
    ..\Drivers\STM32F1xx_HAL_Driver\Src\stm32f1xx_hal_flash.c 0x00000000   Number         0  stm32f1xx_hal_flash.o ABSOLUTE
    ..\Drivers\STM32F1xx_HAL_Driver\Src\stm32f1xx_hal_flash_ex.c 0x00000000   Number         0  stm32f1xx_hal_flash_ex.o ABSOLUTE
    ..\Drivers\STM32F1xx_HAL_Driver\Src\stm32f1xx_hal_gpio.c 0x00000000   Number         0  stm32f1xx_hal_gpio.o ABSOLUTE
    ..\Drivers\STM32F1xx_HAL_Driver\Src\stm32f1xx_hal_gpio_ex.c 0x00000000   Number         0  stm32f1xx_hal_gpio_ex.o ABSOLUTE
    ..\Drivers\STM32F1xx_HAL_Driver\Src\stm32f1xx_hal_pwr.c 0x00000000   Number         0  stm32f1xx_hal_pwr.o ABSOLUTE
    ..\Drivers\STM32F1xx_HAL_Driver\Src\stm32f1xx_hal_rcc.c 0x00000000   Number         0  stm32f1xx_hal_rcc.o ABSOLUTE
    ..\Drivers\STM32F1xx_HAL_Driver\Src\stm32f1xx_hal_rcc_ex.c 0x00000000   Number         0  stm32f1xx_hal_rcc_ex.o ABSOLUTE
    ..\Drivers\STM32F1xx_HAL_Driver\Src\stm32f1xx_hal_tim.c 0x00000000   Number         0  stm32f1xx_hal_tim.o ABSOLUTE
    ..\Drivers\STM32F1xx_HAL_Driver\Src\stm32f1xx_hal_tim_ex.c 0x00000000   Number         0  stm32f1xx_hal_tim_ex.o ABSOLUTE
    ..\Drivers\STM32F1xx_HAL_Driver\Src\stm32f1xx_hal_uart.c 0x00000000   Number         0  stm32f1xx_hal_uart.o ABSOLUTE
    C:\Users\mihir\AppData\Local\Arm\Packs\ARM\CMSIS-FreeRTOS\10.3.1\CMSIS\RTOS2\FreeRTOS\Source\ARM\clib_arm.c 0x00000000   Number         0  clib_arm.o ABSOLUTE
    C:\Users\mihir\AppData\Local\Arm\Packs\ARM\CMSIS-FreeRTOS\10.3.1\CMSIS\RTOS2\FreeRTOS\Source\cmsis_os2.c 0x00000000   Number         0  cmsis_os2.o ABSOLUTE
    C:\Users\mihir\AppData\Local\Arm\Packs\ARM\CMSIS-FreeRTOS\10.3.1\CMSIS\RTOS2\FreeRTOS\Source\freertos_evr.c 0x00000000   Number         0  freertos_evr.o ABSOLUTE
    C:\Users\mihir\AppData\Local\Arm\Packs\ARM\CMSIS-FreeRTOS\10.3.1\CMSIS\RTOS2\FreeRTOS\Source\os_systick.c 0x00000000   Number         0  os_systick.o ABSOLUTE
    C:\Users\mihir\AppData\Local\Arm\Packs\ARM\CMSIS-FreeRTOS\10.3.1\Source\event_groups.c 0x00000000   Number         0  event_groups.o ABSOLUTE
    C:\Users\mihir\AppData\Local\Arm\Packs\ARM\CMSIS-FreeRTOS\10.3.1\Source\list.c 0x00000000   Number         0  list.o ABSOLUTE
    C:\Users\mihir\AppData\Local\Arm\Packs\ARM\CMSIS-FreeRTOS\10.3.1\Source\portable\MemMang\heap_4.c 0x00000000   Number         0  heap_4.o ABSOLUTE
    C:\Users\mihir\AppData\Local\Arm\Packs\ARM\CMSIS-FreeRTOS\10.3.1\Source\portable\RVDS\ARM_CM3\port.c 0x00000000   Number         0  port.o ABSOLUTE
    C:\Users\mihir\AppData\Local\Arm\Packs\ARM\CMSIS-FreeRTOS\10.3.1\Source\queue.c 0x00000000   Number         0  queue.o ABSOLUTE
    C:\Users\mihir\AppData\Local\Arm\Packs\ARM\CMSIS-FreeRTOS\10.3.1\Source\tasks.c 0x00000000   Number         0  tasks.o ABSOLUTE
    C:\Users\mihir\AppData\Local\Arm\Packs\ARM\CMSIS-FreeRTOS\10.3.1\Source\timers.c 0x00000000   Number         0  timers.o ABSOLUTE
    C:\Users\mihir\AppData\Local\Arm\Packs\Keil\ARM_Compiler\1.6.3\Source\EventRecorder.c 0x00000000   Number         0  eventrecorder.o ABSOLUTE
    C:\\Users\\mihir\\AppData\\Local\\Arm\\Packs\\ARM\\CMSIS-FreeRTOS\\10.3.1\\CMSIS\\RTOS2\\FreeRTOS\\Source\\ARM\\clib_arm.c 0x00000000   Number         0  clib_arm.o ABSOLUTE
    C:\\Users\\mihir\\AppData\\Local\\Arm\\Packs\\ARM\\CMSIS-FreeRTOS\\10.3.1\\CMSIS\\RTOS2\\FreeRTOS\\Source\\cmsis_os2.c 0x00000000   Number         0  cmsis_os2.o ABSOLUTE
    C:\\Users\\mihir\\AppData\\Local\\Arm\\Packs\\ARM\\CMSIS-FreeRTOS\\10.3.1\\CMSIS\\RTOS2\\FreeRTOS\\Source\\freertos_evr.c 0x00000000   Number         0  freertos_evr.o ABSOLUTE
    C:\\Users\\mihir\\AppData\\Local\\Arm\\Packs\\ARM\\CMSIS-FreeRTOS\\10.3.1\\CMSIS\\RTOS2\\FreeRTOS\\Source\\os_systick.c 0x00000000   Number         0  os_systick.o ABSOLUTE
    C:\\Users\\mihir\\AppData\\Local\\Arm\\Packs\\ARM\\CMSIS-FreeRTOS\\10.3.1\\Source\\event_groups.c 0x00000000   Number         0  event_groups.o ABSOLUTE
    C:\\Users\\mihir\\AppData\\Local\\Arm\\Packs\\ARM\\CMSIS-FreeRTOS\\10.3.1\\Source\\list.c 0x00000000   Number         0  list.o ABSOLUTE
    C:\\Users\\mihir\\AppData\\Local\\Arm\\Packs\\ARM\\CMSIS-FreeRTOS\\10.3.1\\Source\\portable\\MemMang\\heap_4.c 0x00000000   Number         0  heap_4.o ABSOLUTE
    C:\\Users\\mihir\\AppData\\Local\\Arm\\Packs\\ARM\\CMSIS-FreeRTOS\\10.3.1\\Source\\portable\\RVDS\\ARM_CM3\\port.c 0x00000000   Number         0  port.o ABSOLUTE
    C:\\Users\\mihir\\AppData\\Local\\Arm\\Packs\\ARM\\CMSIS-FreeRTOS\\10.3.1\\Source\\queue.c 0x00000000   Number         0  queue.o ABSOLUTE
    C:\\Users\\mihir\\AppData\\Local\\Arm\\Packs\\ARM\\CMSIS-FreeRTOS\\10.3.1\\Source\\tasks.c 0x00000000   Number         0  tasks.o ABSOLUTE
    C:\\Users\\mihir\\AppData\\Local\\Arm\\Packs\\ARM\\CMSIS-FreeRTOS\\10.3.1\\Source\\timers.c 0x00000000   Number         0  timers.o ABSOLUTE
    C:\\Users\\mihir\\AppData\\Local\\Arm\\Packs\\Keil\\ARM_Compiler\\1.6.3\\Source\\EventRecorder.c 0x00000000   Number         0  eventrecorder.o ABSOLUTE
    dc.s                                     0x00000000   Number         0  dc.o ABSOLUTE
    handlers.s                               0x00000000   Number         0  handlers.o ABSOLUTE
    init.s                                   0x00000000   Number         0  init.o ABSOLUTE
    startup_stm32f103xb.s                    0x00000000   Number         0  startup_stm32f103xb.o ABSOLUTE
    RESET                                    0x08000000   Section      236  startup_stm32f103xb.o(RESET)
    .ARM.Collect$$$$00000000                 0x080000ec   Section        0  entry.o(.ARM.Collect$$$$00000000)
    .ARM.Collect$$$$00000001                 0x080000ec   Section        4  entry2.o(.ARM.Collect$$$$00000001)
    .ARM.Collect$$$$00000004                 0x080000f0   Section        4  entry5.o(.ARM.Collect$$$$00000004)
    .ARM.Collect$$$$00000008                 0x080000f4   Section        0  entry7b.o(.ARM.Collect$$$$00000008)
    .ARM.Collect$$$$0000000A                 0x080000f4   Section        0  entry8b.o(.ARM.Collect$$$$0000000A)
    .ARM.Collect$$$$0000000B                 0x080000f4   Section        8  entry9a.o(.ARM.Collect$$$$0000000B)
    .ARM.Collect$$$$0000000E                 0x080000fc   Section        4  entry12b.o(.ARM.Collect$$$$0000000E)
    .ARM.Collect$$$$0000000F                 0x08000100   Section        0  entry10a.o(.ARM.Collect$$$$0000000F)
    .ARM.Collect$$$$00000011                 0x08000100   Section        0  entry11a.o(.ARM.Collect$$$$00000011)
    .ARM.Collect$$$$00002712                 0x08000100   Section        4  entry2.o(.ARM.Collect$$$$00002712)
    __lit__00000000                          0x08000100   Data           4  entry2.o(.ARM.Collect$$$$00002712)
    .emb_text                                0x08000104   Section      116  eventrecorder.o(.emb_text)
    .emb_text                                0x08000178   Section      150  port.o(.emb_text)
    .text                                    0x08000210   Section       36  startup_stm32f103xb.o(.text)
    .text                                    0x08000234   Section        0  memcpya.o(.text)
    .text                                    0x08000258   Section        0  memseta.o(.text)
    .text                                    0x0800027c   Section        0  ffltui.o(.text)
    .text                                    0x08000286   Section        0  iusefp.o(.text)
    .text                                    0x08000286   Section        0  fepilogue.o(.text)
    .text                                    0x080002f4   Section       36  init.o(.text)
    .text                                    0x08000318   Section        0  __dczerorl2.o(.text)
    i.BusFault_Handler                       0x0800036e   Section        0  stm32f1xx_it.o(i.BusFault_Handler)
    i.DebugMon_Handler                       0x08000370   Section        0  stm32f1xx_it.o(i.DebugMon_Handler)
    i.Error_Handler                          0x08000372   Section        0  main.o(i.Error_Handler)
    i.EventCheckFilter                       0x08000378   Section        0  eventrecorder.o(i.EventCheckFilter)
    EventCheckFilter                         0x08000379   Thumb Code    32  eventrecorder.o(i.EventCheckFilter)
    i.EventGetTS                             0x0800039c   Section        0  eventrecorder.o(i.EventGetTS)
    EventGetTS                               0x0800039d   Thumb Code    48  eventrecorder.o(i.EventGetTS)
    i.EventRecord2                           0x080003d0   Section        0  eventrecorder.o(i.EventRecord2)
    i.EventRecord4                           0x08000408   Section        0  eventrecorder.o(i.EventRecord4)
    i.EventRecordItem                        0x08000478   Section        0  eventrecorder.o(i.EventRecordItem)
    EventRecordItem                          0x08000479   Thumb Code   162  eventrecorder.o(i.EventRecordItem)
    i.EventRecorderEnable                    0x08000524   Section        0  eventrecorder.o(i.EventRecorderEnable)
    i.EventRecorderInitialize                0x08000580   Section        0  eventrecorder.o(i.EventRecorderInitialize)
    i.EventRecorderStart                     0x0800068c   Section        0  eventrecorder.o(i.EventRecorderStart)
    i.EventRecorderTimerGetCount             0x080006b8   Section        0  eventrecorder.o(i.EventRecorderTimerGetCount)
    i.EventRecorderTimerGetFreq              0x080006c4   Section        0  eventrecorder.o(i.EventRecorderTimerGetFreq)
    i.EventRecorderTimerSetup                0x080006d0   Section        0  eventrecorder.o(i.EventRecorderTimerSetup)
    i.EvrFreeRTOSHeap_Free                   0x080006f0   Section        0  freertos_evr.o(i.EvrFreeRTOSHeap_Free)
    i.EvrFreeRTOSHeap_Malloc                 0x08000700   Section        0  freertos_evr.o(i.EvrFreeRTOSHeap_Malloc)
    i.EvrFreeRTOSQueue_BlockingOnQueueReceive 0x0800070c   Section        0  freertos_evr.o(i.EvrFreeRTOSQueue_BlockingOnQueueReceive)
    i.EvrFreeRTOSQueue_BlockingOnQueueSend   0x0800071c   Section        0  freertos_evr.o(i.EvrFreeRTOSQueue_BlockingOnQueueSend)
    i.EvrFreeRTOSQueue_QueueCreate           0x0800072c   Section        0  freertos_evr.o(i.EvrFreeRTOSQueue_QueueCreate)
    i.EvrFreeRTOSQueue_QueueCreateFailed     0x0800073c   Section        0  freertos_evr.o(i.EvrFreeRTOSQueue_QueueCreateFailed)
    i.EvrFreeRTOSQueue_QueueReceive          0x08000748   Section        0  freertos_evr.o(i.EvrFreeRTOSQueue_QueueReceive)
    i.EvrFreeRTOSQueue_QueueReceiveFailed    0x08000758   Section        0  freertos_evr.o(i.EvrFreeRTOSQueue_QueueReceiveFailed)
    i.EvrFreeRTOSQueue_QueueSend             0x08000764   Section        0  freertos_evr.o(i.EvrFreeRTOSQueue_QueueSend)
    i.EvrFreeRTOSQueue_QueueSendFailed       0x08000774   Section        0  freertos_evr.o(i.EvrFreeRTOSQueue_QueueSendFailed)
    i.EvrFreeRTOSQueue_QueueSendFromIsr      0x08000780   Section        0  freertos_evr.o(i.EvrFreeRTOSQueue_QueueSendFromIsr)
    i.EvrFreeRTOSQueue_QueueSendFromIsrFailed 0x08000790   Section        0  freertos_evr.o(i.EvrFreeRTOSQueue_QueueSendFromIsrFailed)
    i.EvrFreeRTOSSetup                       0x0800079c   Section        0  freertos_evr.o(i.EvrFreeRTOSSetup)
    i.EvrFreeRTOSTasks_MovedTaskToReadyState 0x0800080c   Section        0  freertos_evr.o(i.EvrFreeRTOSTasks_MovedTaskToReadyState)
    i.EvrFreeRTOSTasks_PostMovedTaskToReadyState 0x0800081c   Section        0  freertos_evr.o(i.EvrFreeRTOSTasks_PostMovedTaskToReadyState)
    i.EvrFreeRTOSTasks_TaskCreate            0x0800082c   Section        0  freertos_evr.o(i.EvrFreeRTOSTasks_TaskCreate)
    i.EvrFreeRTOSTasks_TaskDelay             0x08000838   Section        0  freertos_evr.o(i.EvrFreeRTOSTasks_TaskDelay)
    i.EvrFreeRTOSTasks_TaskDelayUntil        0x08000848   Section        0  freertos_evr.o(i.EvrFreeRTOSTasks_TaskDelayUntil)
    i.EvrFreeRTOSTasks_TaskIncrementTick     0x08000858   Section        0  freertos_evr.o(i.EvrFreeRTOSTasks_TaskIncrementTick)
    i.EvrFreeRTOSTasks_TaskPriorityDisinherit 0x08000868   Section        0  freertos_evr.o(i.EvrFreeRTOSTasks_TaskPriorityDisinherit)
    i.EvrFreeRTOSTasks_TaskSwitchedIn        0x08000878   Section        0  freertos_evr.o(i.EvrFreeRTOSTasks_TaskSwitchedIn)
    i.EvrFreeRTOSTasks_TaskSwitchedOut       0x08000888   Section        0  freertos_evr.o(i.EvrFreeRTOSTasks_TaskSwitchedOut)
    i.EvrFreeRTOSTimers_TimerCommandReceived 0x08000898   Section        0  freertos_evr.o(i.EvrFreeRTOSTimers_TimerCommandReceived)
    i.EvrFreeRTOSTimers_TimerCommandSend     0x080008b0   Section        0  freertos_evr.o(i.EvrFreeRTOSTimers_TimerCommandSend)
    i.EvrFreeRTOSTimers_TimerExpired         0x080008c8   Section        0  freertos_evr.o(i.EvrFreeRTOSTimers_TimerExpired)
    i.HAL_CAN_AddTxMessage                   0x080008d8   Section        0  stm32f1xx_hal_can.o(i.HAL_CAN_AddTxMessage)
    i.HAL_CAN_GetTxMailboxesFreeLevel        0x080009b4   Section        0  stm32f1xx_hal_can.o(i.HAL_CAN_GetTxMailboxesFreeLevel)
    i.HAL_CAN_Init                           0x080009e0   Section        0  stm32f1xx_hal_can.o(i.HAL_CAN_Init)
    i.HAL_CAN_MspInit                        0x08000afc   Section        0  can.o(i.HAL_CAN_MspInit)
    i.HAL_CAN_Start                          0x08000b80   Section        0  stm32f1xx_hal_can.o(i.HAL_CAN_Start)
    i.HAL_GPIO_Init                          0x08000bd8   Section        0  stm32f1xx_hal_gpio.o(i.HAL_GPIO_Init)
    i.HAL_GPIO_TogglePin                     0x08000db8   Section        0  stm32f1xx_hal_gpio.o(i.HAL_GPIO_TogglePin)
    i.HAL_GPIO_WritePin                      0x08000dc8   Section        0  stm32f1xx_hal_gpio.o(i.HAL_GPIO_WritePin)
    i.HAL_GetTick                            0x08000dd4   Section        0  stm32f1xx_hal.o(i.HAL_GetTick)
    i.HAL_Init                               0x08000de0   Section        0  stm32f1xx_hal.o(i.HAL_Init)
    i.HAL_InitTick                           0x08000e04   Section        0  stm32f1xx_hal.o(i.HAL_InitTick)
    i.HAL_MspInit                            0x08000e44   Section        0  stm32f1xx_hal_msp.o(i.HAL_MspInit)
    i.HAL_NVIC_SetPriority                   0x08000e7c   Section        0  stm32f1xx_hal_cortex.o(i.HAL_NVIC_SetPriority)
    i.HAL_NVIC_SetPriorityGrouping           0x08000ebc   Section        0  stm32f1xx_hal_cortex.o(i.HAL_NVIC_SetPriorityGrouping)
    i.HAL_RCC_ClockConfig                    0x08000ee0   Section        0  stm32f1xx_hal_rcc.o(i.HAL_RCC_ClockConfig)
    i.HAL_RCC_GetPCLK1Freq                   0x0800100c   Section        0  stm32f1xx_hal_rcc.o(i.HAL_RCC_GetPCLK1Freq)
    i.HAL_RCC_GetPCLK2Freq                   0x0800102c   Section        0  stm32f1xx_hal_rcc.o(i.HAL_RCC_GetPCLK2Freq)
    i.HAL_RCC_GetSysClockFreq                0x0800104c   Section        0  stm32f1xx_hal_rcc.o(i.HAL_RCC_GetSysClockFreq)
    i.HAL_RCC_OscConfig                      0x080010b8   Section        0  stm32f1xx_hal_rcc.o(i.HAL_RCC_OscConfig)
    i.HAL_SYSTICK_Config                     0x080013d8   Section        0  stm32f1xx_hal_cortex.o(i.HAL_SYSTICK_Config)
    i.HAL_UART_Init                          0x08001400   Section        0  stm32f1xx_hal_uart.o(i.HAL_UART_Init)
    i.HAL_UART_MspInit                       0x08001464   Section        0  usart.o(i.HAL_UART_MspInit)
    i.HardFault_Handler                      0x080014d4   Section        0  stm32f1xx_it.o(i.HardFault_Handler)
    i.MX_CAN_Init                            0x080014d8   Section        0  can.o(i.MX_CAN_Init)
    i.MX_GPIO_Init                           0x0800151c   Section        0  gpio.o(i.MX_GPIO_Init)
    i.MX_USART2_UART_Init                    0x0800159c   Section        0  usart.o(i.MX_USART2_UART_Init)
    i.MemManage_Handler                      0x080015d4   Section        0  stm32f1xx_it.o(i.MemManage_Handler)
    i.NMI_Handler                            0x080015d6   Section        0  stm32f1xx_it.o(i.NMI_Handler)
    i.SysTick_Handler                        0x080015d8   Section        0  cmsis_os2.o(i.SysTick_Handler)
    i.SystemClock_Config                     0x080015f2   Section        0  main.o(i.SystemClock_Config)
    i.SystemInit                             0x08001650   Section        0  system_stm32f1xx.o(i.SystemInit)
    i.UART_SetConfig                         0x08001654   Section        0  stm32f1xx_hal_uart.o(i.UART_SetConfig)
    UART_SetConfig                           0x08001655   Thumb Code   178  stm32f1xx_hal_uart.o(i.UART_SetConfig)
    i.UsageFault_Handler                     0x0800170c   Section        0  stm32f1xx_it.o(i.UsageFault_Handler)
    i.__NVIC_SetPriority                     0x0800170e   Section        0  stm32f1xx_hal_cortex.o(i.__NVIC_SetPriority)
    __NVIC_SetPriority                       0x0800170f   Thumb Code    32  stm32f1xx_hal_cortex.o(i.__NVIC_SetPriority)
    i.__scatterload_copy                     0x0800172e   Section       14  handlers.o(i.__scatterload_copy)
    i.__scatterload_null                     0x0800173c   Section        2  handlers.o(i.__scatterload_null)
    i.__scatterload_zeroinit                 0x0800173e   Section       14  handlers.o(i.__scatterload_zeroinit)
    i.main                                   0x0800174c   Section        0  main.o(i.main)
    i.osDelay                                0x080017a0   Section        0  cmsis_os2.o(i.osDelay)
    i.osKernelInitialize                     0x080017d4   Section        0  cmsis_os2.o(i.osKernelInitialize)
    i.osKernelStart                          0x08001810   Section        0  cmsis_os2.o(i.osKernelStart)
    i.osThreadNew                            0x08001858   Section        0  cmsis_os2.o(i.osThreadNew)
    i.prvAddCurrentTaskToDelayedList         0x080018fc   Section        0  tasks.o(i.prvAddCurrentTaskToDelayedList)
    prvAddCurrentTaskToDelayedList           0x080018fd   Thumb Code    84  tasks.o(i.prvAddCurrentTaskToDelayedList)
    i.prvAddNewTaskToReadyList               0x08001958   Section        0  tasks.o(i.prvAddNewTaskToReadyList)
    prvAddNewTaskToReadyList                 0x08001959   Thumb Code   208  tasks.o(i.prvAddNewTaskToReadyList)
    i.prvCheckForValidListAndQueue           0x08001a38   Section        0  timers.o(i.prvCheckForValidListAndQueue)
    prvCheckForValidListAndQueue             0x08001a39   Thumb Code    64  timers.o(i.prvCheckForValidListAndQueue)
    i.prvCopyDataFromQueue                   0x08001a80   Section        0  queue.o(i.prvCopyDataFromQueue)
    prvCopyDataFromQueue                     0x08001a81   Thumb Code    38  queue.o(i.prvCopyDataFromQueue)
    i.prvCopyDataToQueue                     0x08001aa6   Section        0  queue.o(i.prvCopyDataToQueue)
    prvCopyDataToQueue                       0x08001aa7   Thumb Code   108  queue.o(i.prvCopyDataToQueue)
    i.prvDeleteTCB                           0x08001b12   Section        0  tasks.o(i.prvDeleteTCB)
    prvDeleteTCB                             0x08001b13   Thumb Code    34  tasks.o(i.prvDeleteTCB)
    i.prvHeapInit                            0x08001b34   Section        0  heap_4.o(i.prvHeapInit)
    prvHeapInit                              0x08001b35   Thumb Code    64  heap_4.o(i.prvHeapInit)
    i.prvIdleTask                            0x08001b7c   Section        0  tasks.o(i.prvIdleTask)
    prvIdleTask                              0x08001b7d   Thumb Code    82  tasks.o(i.prvIdleTask)
    i.prvInitialiseNewQueue                  0x08001bdc   Section        0  queue.o(i.prvInitialiseNewQueue)
    prvInitialiseNewQueue                    0x08001bdd   Thumb Code    42  queue.o(i.prvInitialiseNewQueue)
    i.prvInitialiseNewTask                   0x08001c08   Section        0  tasks.o(i.prvInitialiseNewTask)
    prvInitialiseNewTask                     0x08001c09   Thumb Code   156  tasks.o(i.prvInitialiseNewTask)
    i.prvInsertBlockIntoFreeList             0x08001ca4   Section        0  heap_4.o(i.prvInsertBlockIntoFreeList)
    prvInsertBlockIntoFreeList               0x08001ca5   Thumb Code    72  heap_4.o(i.prvInsertBlockIntoFreeList)
    i.prvInsertTimerInActiveList             0x08001cf0   Section        0  timers.o(i.prvInsertTimerInActiveList)
    prvInsertTimerInActiveList               0x08001cf1   Thumb Code    52  timers.o(i.prvInsertTimerInActiveList)
    i.prvIsQueueEmpty                        0x08001d28   Section        0  queue.o(i.prvIsQueueEmpty)
    prvIsQueueEmpty                          0x08001d29   Thumb Code    28  queue.o(i.prvIsQueueEmpty)
    i.prvProcessReceivedCommands             0x08001d44   Section        0  timers.o(i.prvProcessReceivedCommands)
    prvProcessReceivedCommands               0x08001d45   Thumb Code   230  timers.o(i.prvProcessReceivedCommands)
    i.prvProcessTimerOrBlockTask             0x08001e30   Section        0  timers.o(i.prvProcessTimerOrBlockTask)
    prvProcessTimerOrBlockTask               0x08001e31   Thumb Code   172  timers.o(i.prvProcessTimerOrBlockTask)
    i.prvResetNextTaskUnblockTime            0x08001ee4   Section        0  tasks.o(i.prvResetNextTaskUnblockTime)
    prvResetNextTaskUnblockTime              0x08001ee5   Thumb Code    26  tasks.o(i.prvResetNextTaskUnblockTime)
    i.prvSampleTimeNow                       0x08001f04   Section        0  timers.o(i.prvSampleTimeNow)
    prvSampleTimeNow                         0x08001f05   Thumb Code    36  timers.o(i.prvSampleTimeNow)
    i.prvSwitchTimerLists                    0x08001f2c   Section        0  timers.o(i.prvSwitchTimerLists)
    prvSwitchTimerLists                      0x08001f2d   Thumb Code    92  timers.o(i.prvSwitchTimerLists)
    i.prvTaskExitError                       0x08001f8c   Section        0  port.o(i.prvTaskExitError)
    prvTaskExitError                         0x08001f8d   Thumb Code    16  port.o(i.prvTaskExitError)
    i.prvTimerTask                           0x08001f9c   Section        0  timers.o(i.prvTimerTask)
    prvTimerTask                             0x08001f9d   Thumb Code    32  timers.o(i.prvTimerTask)
    i.prvUnlockQueue                         0x08001fc0   Section        0  queue.o(i.prvUnlockQueue)
    prvUnlockQueue                           0x08001fc1   Thumb Code   106  queue.o(i.prvUnlockQueue)
    i.pvPortMalloc                           0x0800202c   Section        0  heap_4.o(i.pvPortMalloc)
    i.pxPortInitialiseStack                  0x080020d4   Section        0  port.o(i.pxPortInitialiseStack)
    i.rand                                   0x080020f8   Section        0  xorshift.o(i.rand)
    i.rand_array                             0x08002110   Section        0  xorshift.o(i.rand_array)
    i.sendBatteryCANMsg                      0x08002130   Section        0  main.o(i.sendBatteryCANMsg)
    i.sendMotorTempMsg                       0x080021b8   Section        0  main.o(i.sendMotorTempMsg)
    i.uxListRemove                           0x08002224   Section        0  list.o(i.uxListRemove)
    i.vApplicationGetIdleTaskMemory          0x0800224c   Section        0  cmsis_os2.o(i.vApplicationGetIdleTaskMemory)
    i.vApplicationGetTimerTaskMemory         0x08002260   Section        0  cmsis_os2.o(i.vApplicationGetTimerTaskMemory)
    i.vApplicationStackOverflowHook          0x08002274   Section        0  cmsis_os2.o(i.vApplicationStackOverflowHook)
    i.vListInitialise                        0x08002276   Section        0  list.o(i.vListInitialise)
    i.vListInitialiseItem                    0x0800228c   Section        0  list.o(i.vListInitialiseItem)
    i.vListInsert                            0x08002292   Section        0  list.o(i.vListInsert)
    i.vListInsertEnd                         0x080022c2   Section        0  list.o(i.vListInsertEnd)
    i.vPortEnterCritical                     0x080022dc   Section        0  port.o(i.vPortEnterCritical)
    i.vPortExitCritical                      0x080022f8   Section        0  port.o(i.vPortExitCritical)
    i.vPortFree                              0x0800230c   Section        0  heap_4.o(i.vPortFree)
    i.vPortSetupTimerInterrupt               0x08002358   Section        0  port.o(i.vPortSetupTimerInterrupt)
    i.vQueueWaitForMessageRestricted         0x0800237c   Section        0  queue.o(i.vQueueWaitForMessageRestricted)
    i.vTaskDelay                             0x080023c0   Section        0  tasks.o(i.vTaskDelay)
    i.vTaskInternalSetTimeOutState           0x080023f8   Section        0  tasks.o(i.vTaskInternalSetTimeOutState)
    i.vTaskMissedYield                       0x08002408   Section        0  tasks.o(i.vTaskMissedYield)
    i.vTaskPlaceOnEventList                  0x08002414   Section        0  tasks.o(i.vTaskPlaceOnEventList)
    i.vTaskPlaceOnEventListRestricted        0x08002434   Section        0  tasks.o(i.vTaskPlaceOnEventListRestricted)
    i.vTaskStartScheduler                    0x08002464   Section        0  tasks.o(i.vTaskStartScheduler)
    i.vTaskSuspendAll                        0x080024e0   Section        0  tasks.o(i.vTaskSuspendAll)
    i.vTaskSwitchContext                     0x080024f0   Section        0  tasks.o(i.vTaskSwitchContext)
    i.xPortStartScheduler                    0x0800257c   Section        0  port.o(i.xPortStartScheduler)
    i.xPortSysTickHandler                    0x080025ac   Section        0  port.o(i.xPortSysTickHandler)
    i.xQueueGenericCreateStatic              0x080025d8   Section        0  queue.o(i.xQueueGenericCreateStatic)
    i.xQueueGenericReset                     0x080025fc   Section        0  queue.o(i.xQueueGenericReset)
    i.xQueueGenericSend                      0x08002670   Section        0  queue.o(i.xQueueGenericSend)
    i.xQueueGenericSendFromISR               0x08002778   Section        0  queue.o(i.xQueueGenericSendFromISR)
    i.xQueueReceive                          0x080027f4   Section        0  queue.o(i.xQueueReceive)
    i.xTaskCheckForTimeOut                   0x080028f8   Section        0  tasks.o(i.xTaskCheckForTimeOut)
    i.xTaskCreate                            0x08002948   Section        0  tasks.o(i.xTaskCreate)
    i.xTaskCreateStatic                      0x080029a2   Section        0  tasks.o(i.xTaskCreateStatic)
    i.xTaskGetSchedulerState                 0x080029d8   Section        0  tasks.o(i.xTaskGetSchedulerState)
    i.xTaskGetTickCount                      0x080029f4   Section        0  tasks.o(i.xTaskGetTickCount)
    i.xTaskIncrementTick                     0x08002a00   Section        0  tasks.o(i.xTaskIncrementTick)
    i.xTaskPriorityDisinherit                0x08002ac4   Section        0  tasks.o(i.xTaskPriorityDisinherit)
    i.xTaskRemoveFromEventList               0x08002b2c   Section        0  tasks.o(i.xTaskRemoveFromEventList)
    i.xTaskResumeAll                         0x08002b98   Section        0  tasks.o(i.xTaskResumeAll)
    i.xTimerCreateTimerTask                  0x08002c54   Section        0  timers.o(i.xTimerCreateTimerTask)
    i.xTimerGenericCommand                   0x08002ca8   Section        0  timers.o(i.xTimerGenericCommand)
    i.xorshift32                             0x08002d08   Section        0  xorshift.o(i.xorshift32)
    .constdata                               0x08002d1c   Section       72  main.o(.constdata)
    .constdata                               0x08002d64   Section       16  system_stm32f1xx.o(.constdata)
    .constdata                               0x08002d74   Section        8  system_stm32f1xx.o(.constdata)
    .constdata                               0x08002d7c   Section       24  eventrecorder.o(.constdata)
    __tagsym$$used                           0x08002d7c   Number         0  eventrecorder.o(.constdata)
    .conststring                             0x08002d94   Section       34  main.o(.conststring)
    .data                                    0x20000000   Section       48  main.o(.data)
    .data                                    0x20000030   Section      120  can.o(.data)
    .data                                    0x200000a8   Section        4  xorshift.o(.data)
    state                                    0x200000a8   Data           4  xorshift.o(.data)
    .data                                    0x200000ac   Section       12  stm32f1xx_hal.o(.data)
    .data                                    0x200000b8   Section        4  system_stm32f1xx.o(.data)
    .data                                    0x200000bc   Section        4  cmsis_os2.o(.data)
    KernelState                              0x200000bc   Data           4  cmsis_os2.o(.data)
    .data                                    0x200000c0   Section        1  freertos_evr.o(.data)
    init                                     0x200000c0   Data           1  freertos_evr.o(.data)
    .data                                    0x200000c4   Section       32  heap_4.o(.data)
    pxEnd                                    0x200000c4   Data           4  heap_4.o(.data)
    xFreeBytesRemaining                      0x200000c8   Data           4  heap_4.o(.data)
    xMinimumEverFreeBytesRemaining           0x200000cc   Data           4  heap_4.o(.data)
    xNumberOfSuccessfulAllocations           0x200000d0   Data           4  heap_4.o(.data)
    xNumberOfSuccessfulFrees                 0x200000d4   Data           4  heap_4.o(.data)
    xBlockAllocatedBit                       0x200000d8   Data           4  heap_4.o(.data)
    xStart                                   0x200000dc   Data           8  heap_4.o(.data)
    .data                                    0x200000e4   Section        4  port.o(.data)
    uxCriticalNesting                        0x200000e4   Data           4  port.o(.data)
    .data                                    0x200000e8   Section       60  tasks.o(.data)
    uxDeletedTasksWaitingCleanUp             0x200000ec   Data           4  tasks.o(.data)
    uxCurrentNumberOfTasks                   0x200000f0   Data           4  tasks.o(.data)
    xTickCount                               0x200000f4   Data           4  tasks.o(.data)
    uxTopReadyPriority                       0x200000f8   Data           4  tasks.o(.data)
    xSchedulerRunning                        0x200000fc   Data           4  tasks.o(.data)
    xPendedTicks                             0x20000100   Data           4  tasks.o(.data)
    xYieldPending                            0x20000104   Data           4  tasks.o(.data)
    xNumOfOverflows                          0x20000108   Data           4  tasks.o(.data)
    uxTaskNumber                             0x2000010c   Data           4  tasks.o(.data)
    xNextTaskUnblockTime                     0x20000110   Data           4  tasks.o(.data)
    xIdleTaskHandle                          0x20000114   Data           4  tasks.o(.data)
    uxSchedulerSuspended                     0x20000118   Data           4  tasks.o(.data)
    pxDelayedTaskList                        0x2000011c   Data           4  tasks.o(.data)
    pxOverflowDelayedTaskList                0x20000120   Data           4  tasks.o(.data)
    .data                                    0x20000124   Section       20  timers.o(.data)
    xTimerQueue                              0x20000124   Data           4  timers.o(.data)
    xTimerTaskHandle                         0x20000128   Data           4  timers.o(.data)
    xLastTime                                0x2000012c   Data           4  timers.o(.data)
    pxCurrentTimerList                       0x20000130   Data           4  timers.o(.data)
    pxOverflowTimerList                      0x20000134   Data           4  timers.o(.data)
    .bss                                     0x20000138   Section       40  can.o(.bss)
    .bss                                     0x20000160   Section       68  usart.o(.bss)
    .bss                                     0x200001a4   Section     1016  cmsis_os2.o(.bss)
    Idle_TCB                                 0x200001a4   Data          92  cmsis_os2.o(.bss)
    Idle_Stack                               0x20000200   Data         512  cmsis_os2.o(.bss)
    Timer_TCB                                0x20000400   Data          92  cmsis_os2.o(.bss)
    Timer_Stack                              0x2000045c   Data         320  cmsis_os2.o(.bss)
    .bss                                     0x2000059c   Section    12000  heap_4.o(.bss)
    ucHeap                                   0x2000059c   Data       12000  heap_4.o(.bss)
    .bss                                     0x2000347c   Section     1220  tasks.o(.bss)
    pxReadyTasksLists                        0x2000347c   Data        1120  tasks.o(.bss)
    xDelayedTaskList1                        0x200038dc   Data          20  tasks.o(.bss)
    xDelayedTaskList2                        0x200038f0   Data          20  tasks.o(.bss)
    xPendingReadyList                        0x20003904   Data          20  tasks.o(.bss)
    xTasksWaitingTermination                 0x20003918   Data          20  tasks.o(.bss)
    xSuspendedTaskList                       0x2000392c   Data          20  tasks.o(.bss)
    .bss                                     0x20003940   Section      200  timers.o(.bss)
    xStaticTimerQueue                        0x20003940   Data          80  timers.o(.bss)
    ucStaticTimerQueueStorage                0x20003990   Data          80  timers.o(.bss)
    xActiveTimerList1                        0x200039e0   Data          20  timers.o(.bss)
    xActiveTimerList2                        0x200039f4   Data          20  timers.o(.bss)
    STACK                                    0x20003a08   Section     1024  startup_stm32f103xb.o(STACK)
    .bss.noinit                              0x20004800   Section     1188  eventrecorder.o(.bss.noinit)
    EventBuffer                              0x20004800   Data        1024  eventrecorder.o(.bss.noinit)
    EventFilter                              0x20004c00   Data         128  eventrecorder.o(.bss.noinit)
    EventStatus                              0x20004c80   Data          36  eventrecorder.o(.bss.noinit)

    Global Symbols

    Symbol Name                              Value     Ov Type        Size  Object(Section)

    BuildAttributes$$THM_ISAv4$P$D$K$B$S$PE$A:L22UL41UL21$X:L11$S22US41US21$IEEE1$IW$USESV6$~STKCKD$USESV7$~SHL$OTIME$ROPI$EBA8$MICROLIB$REQ8$PRES8$EABIv2 0x00000000   Number         0  anon$$obj.o ABSOLUTE
    __ARM_use_no_argv                        0x00000000   Number         0  main.o ABSOLUTE
    __arm_fini_                               - Undefined Weak Reference
    __cpp_initialize__aeabi_                  - Undefined Weak Reference
    __cxa_finalize                            - Undefined Weak Reference
    _clock_init                               - Undefined Weak Reference
    _microlib_exit                            - Undefined Weak Reference
    __Vectors_Size                           0x000000ec   Number         0  startup_stm32f103xb.o ABSOLUTE
    __Vectors                                0x08000000   Data           4  startup_stm32f103xb.o(RESET)
    __Vectors_End                            0x080000ec   Data           0  startup_stm32f103xb.o(RESET)
    __main                                   0x080000ed   Thumb Code     0  entry.o(.ARM.Collect$$$$00000000)
    _main_stk                                0x080000ed   Thumb Code     0  entry2.o(.ARM.Collect$$$$00000001)
    _main_scatterload                        0x080000f1   Thumb Code     0  entry5.o(.ARM.Collect$$$$00000004)
    __main_after_scatterload                 0x080000f5   Thumb Code     0  entry5.o(.ARM.Collect$$$$00000004)
    _main_clock                              0x080000f5   Thumb Code     0  entry7b.o(.ARM.Collect$$$$00000008)
    _main_cpp_init                           0x080000f5   Thumb Code     0  entry8b.o(.ARM.Collect$$$$0000000A)
    _main_init                               0x080000f5   Thumb Code     0  entry9a.o(.ARM.Collect$$$$0000000B)
    __rt_lib_shutdown_fini                   0x080000fd   Thumb Code     0  entry12b.o(.ARM.Collect$$$$0000000E)
    __rt_final_cpp                           0x08000101   Thumb Code     0  entry10a.o(.ARM.Collect$$$$0000000F)
    __rt_final_exit                          0x08000101   Thumb Code     0  entry11a.o(.ARM.Collect$$$$00000011)
    __asm___15_EventRecorder_c_e8d3082c__atomic_inc8 0x08000105   Thumb Code    18  eventrecorder.o(.emb_text)
    __asm___15_EventRecorder_c_e8d3082c__atomic_inc32 0x08000117   Thumb Code    18  eventrecorder.o(.emb_text)
    __asm___15_EventRecorder_c_e8d3082c__atomic_xch32 0x08000129   Thumb Code    16  eventrecorder.o(.emb_text)
    __asm___15_EventRecorder_c_e8d3082c__LockRecord 0x08000139   Thumb Code    34  eventrecorder.o(.emb_text)
    __asm___15_EventRecorder_c_e8d3082c__UnlockRecord 0x0800015b   Thumb Code    30  eventrecorder.o(.emb_text)
    SVC_Handler                              0x08000179   Thumb Code    32  port.o(.emb_text)
    __asm___6_port_c_39a90d8d__prvStartFirstTask 0x0800019d   Thumb Code    28  port.o(.emb_text)
    PendSV_Handler                           0x080001bd   Thumb Code    72  port.o(.emb_text)
    vPortGetIPSR                             0x08000209   Thumb Code     6  port.o(.emb_text)
    Reset_Handler                            0x08000211   Thumb Code     8  startup_stm32f103xb.o(.text)
    ADC1_2_IRQHandler                        0x0800022b   Thumb Code     0  startup_stm32f103xb.o(.text)
    CAN1_RX1_IRQHandler                      0x0800022b   Thumb Code     0  startup_stm32f103xb.o(.text)
    CAN1_SCE_IRQHandler                      0x0800022b   Thumb Code     0  startup_stm32f103xb.o(.text)
    DMA1_Channel1_IRQHandler                 0x0800022b   Thumb Code     0  startup_stm32f103xb.o(.text)
    DMA1_Channel2_IRQHandler                 0x0800022b   Thumb Code     0  startup_stm32f103xb.o(.text)
    DMA1_Channel3_IRQHandler                 0x0800022b   Thumb Code     0  startup_stm32f103xb.o(.text)
    DMA1_Channel4_IRQHandler                 0x0800022b   Thumb Code     0  startup_stm32f103xb.o(.text)
    DMA1_Channel5_IRQHandler                 0x0800022b   Thumb Code     0  startup_stm32f103xb.o(.text)
    DMA1_Channel6_IRQHandler                 0x0800022b   Thumb Code     0  startup_stm32f103xb.o(.text)
    DMA1_Channel7_IRQHandler                 0x0800022b   Thumb Code     0  startup_stm32f103xb.o(.text)
    EXTI0_IRQHandler                         0x0800022b   Thumb Code     0  startup_stm32f103xb.o(.text)
    EXTI15_10_IRQHandler                     0x0800022b   Thumb Code     0  startup_stm32f103xb.o(.text)
    EXTI1_IRQHandler                         0x0800022b   Thumb Code     0  startup_stm32f103xb.o(.text)
    EXTI2_IRQHandler                         0x0800022b   Thumb Code     0  startup_stm32f103xb.o(.text)
    EXTI3_IRQHandler                         0x0800022b   Thumb Code     0  startup_stm32f103xb.o(.text)
    EXTI4_IRQHandler                         0x0800022b   Thumb Code     0  startup_stm32f103xb.o(.text)
    EXTI9_5_IRQHandler                       0x0800022b   Thumb Code     0  startup_stm32f103xb.o(.text)
    FLASH_IRQHandler                         0x0800022b   Thumb Code     0  startup_stm32f103xb.o(.text)
    I2C1_ER_IRQHandler                       0x0800022b   Thumb Code     0  startup_stm32f103xb.o(.text)
    I2C1_EV_IRQHandler                       0x0800022b   Thumb Code     0  startup_stm32f103xb.o(.text)
    I2C2_ER_IRQHandler                       0x0800022b   Thumb Code     0  startup_stm32f103xb.o(.text)
    I2C2_EV_IRQHandler                       0x0800022b   Thumb Code     0  startup_stm32f103xb.o(.text)
    PVD_IRQHandler                           0x0800022b   Thumb Code     0  startup_stm32f103xb.o(.text)
    RCC_IRQHandler                           0x0800022b   Thumb Code     0  startup_stm32f103xb.o(.text)
    RTC_Alarm_IRQHandler                     0x0800022b   Thumb Code     0  startup_stm32f103xb.o(.text)
    RTC_IRQHandler                           0x0800022b   Thumb Code     0  startup_stm32f103xb.o(.text)
    SPI1_IRQHandler                          0x0800022b   Thumb Code     0  startup_stm32f103xb.o(.text)
    SPI2_IRQHandler                          0x0800022b   Thumb Code     0  startup_stm32f103xb.o(.text)
    TAMPER_IRQHandler                        0x0800022b   Thumb Code     0  startup_stm32f103xb.o(.text)
    TIM1_BRK_IRQHandler                      0x0800022b   Thumb Code     0  startup_stm32f103xb.o(.text)
    TIM1_CC_IRQHandler                       0x0800022b   Thumb Code     0  startup_stm32f103xb.o(.text)
    TIM1_TRG_COM_IRQHandler                  0x0800022b   Thumb Code     0  startup_stm32f103xb.o(.text)
    TIM1_UP_IRQHandler                       0x0800022b   Thumb Code     0  startup_stm32f103xb.o(.text)
    TIM2_IRQHandler                          0x0800022b   Thumb Code     0  startup_stm32f103xb.o(.text)
    TIM3_IRQHandler                          0x0800022b   Thumb Code     0  startup_stm32f103xb.o(.text)
    TIM4_IRQHandler                          0x0800022b   Thumb Code     0  startup_stm32f103xb.o(.text)
    USART1_IRQHandler                        0x0800022b   Thumb Code     0  startup_stm32f103xb.o(.text)
    USART2_IRQHandler                        0x0800022b   Thumb Code     0  startup_stm32f103xb.o(.text)
    USART3_IRQHandler                        0x0800022b   Thumb Code     0  startup_stm32f103xb.o(.text)
    USBWakeUp_IRQHandler                     0x0800022b   Thumb Code     0  startup_stm32f103xb.o(.text)
    USB_HP_CAN1_TX_IRQHandler                0x0800022b   Thumb Code     0  startup_stm32f103xb.o(.text)
    USB_LP_CAN1_RX0_IRQHandler               0x0800022b   Thumb Code     0  startup_stm32f103xb.o(.text)
    WWDG_IRQHandler                          0x0800022b   Thumb Code     0  startup_stm32f103xb.o(.text)
    __aeabi_memcpy                           0x08000235   Thumb Code    36  memcpya.o(.text)
    __aeabi_memcpy4                          0x08000235   Thumb Code     0  memcpya.o(.text)
    __aeabi_memcpy8                          0x08000235   Thumb Code     0  memcpya.o(.text)
    __aeabi_memset                           0x08000259   Thumb Code    14  memseta.o(.text)
    __aeabi_memset4                          0x08000259   Thumb Code     0  memseta.o(.text)
    __aeabi_memset8                          0x08000259   Thumb Code     0  memseta.o(.text)
    __aeabi_memclr                           0x08000267   Thumb Code     4  memseta.o(.text)
    __aeabi_memclr4                          0x08000267   Thumb Code     0  memseta.o(.text)
    __aeabi_memclr8                          0x08000267   Thumb Code     0  memseta.o(.text)
    _memset$wrapper                          0x0800026b   Thumb Code    18  memseta.o(.text)
    __aeabi_ui2f                             0x0800027d   Thumb Code    10  ffltui.o(.text)
    __I$use$fp                               0x08000287   Thumb Code     0  iusefp.o(.text)
    _float_round                             0x08000287   Thumb Code    18  fepilogue.o(.text)
    _float_epilogue                          0x08000299   Thumb Code    92  fepilogue.o(.text)
    __scatterload                            0x080002f5   Thumb Code    28  init.o(.text)
    __scatterload_rt2                        0x080002f5   Thumb Code     0  init.o(.text)
    __decompress                             0x08000319   Thumb Code     0  __dczerorl2.o(.text)
    __decompress1                            0x08000319   Thumb Code    86  __dczerorl2.o(.text)
    BusFault_Handler                         0x0800036f   Thumb Code     2  stm32f1xx_it.o(i.BusFault_Handler)
    DebugMon_Handler                         0x08000371   Thumb Code     2  stm32f1xx_it.o(i.DebugMon_Handler)
    Error_Handler                            0x08000373   Thumb Code     4  main.o(i.Error_Handler)
    EventRecord2                             0x080003d1   Thumb Code    54  eventrecorder.o(i.EventRecord2)
    EventRecord4                             0x08000409   Thumb Code   104  eventrecorder.o(i.EventRecord4)
    EventRecorderEnable                      0x08000525   Thumb Code    86  eventrecorder.o(i.EventRecorderEnable)
    EventRecorderInitialize                  0x08000581   Thumb Code   248  eventrecorder.o(i.EventRecorderInitialize)
    EventRecorderStart                       0x0800068d   Thumb Code    34  eventrecorder.o(i.EventRecorderStart)
    EventRecorderTimerGetCount               0x080006b9   Thumb Code     6  eventrecorder.o(i.EventRecorderTimerGetCount)
    EventRecorderTimerGetFreq                0x080006c5   Thumb Code     6  eventrecorder.o(i.EventRecorderTimerGetFreq)
    EventRecorderTimerSetup                  0x080006d1   Thumb Code    24  eventrecorder.o(i.EventRecorderTimerSetup)
    EvrFreeRTOSHeap_Free                     0x080006f1   Thumb Code    10  freertos_evr.o(i.EvrFreeRTOSHeap_Free)
    EvrFreeRTOSHeap_Malloc                   0x08000701   Thumb Code    12  freertos_evr.o(i.EvrFreeRTOSHeap_Malloc)
    EvrFreeRTOSQueue_BlockingOnQueueReceive  0x0800070d   Thumb Code    10  freertos_evr.o(i.EvrFreeRTOSQueue_BlockingOnQueueReceive)
    EvrFreeRTOSQueue_BlockingOnQueueSend     0x0800071d   Thumb Code    10  freertos_evr.o(i.EvrFreeRTOSQueue_BlockingOnQueueSend)
    EvrFreeRTOSQueue_QueueCreate             0x0800072d   Thumb Code    10  freertos_evr.o(i.EvrFreeRTOSQueue_QueueCreate)
    EvrFreeRTOSQueue_QueueCreateFailed       0x0800073d   Thumb Code    12  freertos_evr.o(i.EvrFreeRTOSQueue_QueueCreateFailed)
    EvrFreeRTOSQueue_QueueReceive            0x08000749   Thumb Code    10  freertos_evr.o(i.EvrFreeRTOSQueue_QueueReceive)
    EvrFreeRTOSQueue_QueueReceiveFailed      0x08000759   Thumb Code    12  freertos_evr.o(i.EvrFreeRTOSQueue_QueueReceiveFailed)
    EvrFreeRTOSQueue_QueueSend               0x08000765   Thumb Code    10  freertos_evr.o(i.EvrFreeRTOSQueue_QueueSend)
    EvrFreeRTOSQueue_QueueSendFailed         0x08000775   Thumb Code    12  freertos_evr.o(i.EvrFreeRTOSQueue_QueueSendFailed)
    EvrFreeRTOSQueue_QueueSendFromIsr        0x08000781   Thumb Code    10  freertos_evr.o(i.EvrFreeRTOSQueue_QueueSendFromIsr)
    EvrFreeRTOSQueue_QueueSendFromIsrFailed  0x08000791   Thumb Code    12  freertos_evr.o(i.EvrFreeRTOSQueue_QueueSendFromIsrFailed)
    EvrFreeRTOSSetup                         0x0800079d   Thumb Code   104  freertos_evr.o(i.EvrFreeRTOSSetup)
    EvrFreeRTOSTasks_MovedTaskToReadyState   0x0800080d   Thumb Code    10  freertos_evr.o(i.EvrFreeRTOSTasks_MovedTaskToReadyState)
    EvrFreeRTOSTasks_PostMovedTaskToReadyState 0x0800081d   Thumb Code    10  freertos_evr.o(i.EvrFreeRTOSTasks_PostMovedTaskToReadyState)
    EvrFreeRTOSTasks_TaskCreate              0x0800082d   Thumb Code    12  freertos_evr.o(i.EvrFreeRTOSTasks_TaskCreate)
    EvrFreeRTOSTasks_TaskDelay               0x08000839   Thumb Code    10  freertos_evr.o(i.EvrFreeRTOSTasks_TaskDelay)
    EvrFreeRTOSTasks_TaskDelayUntil          0x08000849   Thumb Code    10  freertos_evr.o(i.EvrFreeRTOSTasks_TaskDelayUntil)
    EvrFreeRTOSTasks_TaskIncrementTick       0x08000859   Thumb Code    10  freertos_evr.o(i.EvrFreeRTOSTasks_TaskIncrementTick)
    EvrFreeRTOSTasks_TaskPriorityDisinherit  0x08000869   Thumb Code    10  freertos_evr.o(i.EvrFreeRTOSTasks_TaskPriorityDisinherit)
    EvrFreeRTOSTasks_TaskSwitchedIn          0x08000879   Thumb Code    10  freertos_evr.o(i.EvrFreeRTOSTasks_TaskSwitchedIn)
    EvrFreeRTOSTasks_TaskSwitchedOut         0x08000889   Thumb Code    10  freertos_evr.o(i.EvrFreeRTOSTasks_TaskSwitchedOut)
    EvrFreeRTOSTimers_TimerCommandReceived   0x08000899   Thumb Code    20  freertos_evr.o(i.EvrFreeRTOSTimers_TimerCommandReceived)
    EvrFreeRTOSTimers_TimerCommandSend       0x080008b1   Thumb Code    18  freertos_evr.o(i.EvrFreeRTOSTimers_TimerCommandSend)
    EvrFreeRTOSTimers_TimerExpired           0x080008c9   Thumb Code    10  freertos_evr.o(i.EvrFreeRTOSTimers_TimerExpired)
    HAL_CAN_AddTxMessage                     0x080008d9   Thumb Code   220  stm32f1xx_hal_can.o(i.HAL_CAN_AddTxMessage)
    HAL_CAN_GetTxMailboxesFreeLevel          0x080009b5   Thumb Code    44  stm32f1xx_hal_can.o(i.HAL_CAN_GetTxMailboxesFreeLevel)
    HAL_CAN_Init                             0x080009e1   Thumb Code   282  stm32f1xx_hal_can.o(i.HAL_CAN_Init)
    HAL_CAN_MspInit                          0x08000afd   Thumb Code   114  can.o(i.HAL_CAN_MspInit)
    HAL_CAN_Start                            0x08000b81   Thumb Code    88  stm32f1xx_hal_can.o(i.HAL_CAN_Start)
    HAL_GPIO_Init                            0x08000bd9   Thumb Code   446  stm32f1xx_hal_gpio.o(i.HAL_GPIO_Init)
    HAL_GPIO_TogglePin                       0x08000db9   Thumb Code    16  stm32f1xx_hal_gpio.o(i.HAL_GPIO_TogglePin)
    HAL_GPIO_WritePin                        0x08000dc9   Thumb Code    10  stm32f1xx_hal_gpio.o(i.HAL_GPIO_WritePin)
    HAL_GetTick                              0x08000dd5   Thumb Code     6  stm32f1xx_hal.o(i.HAL_GetTick)
    HAL_Init                                 0x08000de1   Thumb Code    32  stm32f1xx_hal.o(i.HAL_Init)
    HAL_InitTick                             0x08000e05   Thumb Code    54  stm32f1xx_hal.o(i.HAL_InitTick)
    HAL_MspInit                              0x08000e45   Thumb Code    48  stm32f1xx_hal_msp.o(i.HAL_MspInit)
    HAL_NVIC_SetPriority                     0x08000e7d   Thumb Code    60  stm32f1xx_hal_cortex.o(i.HAL_NVIC_SetPriority)
    HAL_NVIC_SetPriorityGrouping             0x08000ebd   Thumb Code    26  stm32f1xx_hal_cortex.o(i.HAL_NVIC_SetPriorityGrouping)
    HAL_RCC_ClockConfig                      0x08000ee1   Thumb Code   280  stm32f1xx_hal_rcc.o(i.HAL_RCC_ClockConfig)
    HAL_RCC_GetPCLK1Freq                     0x0800100d   Thumb Code    20  stm32f1xx_hal_rcc.o(i.HAL_RCC_GetPCLK1Freq)
    HAL_RCC_GetPCLK2Freq                     0x0800102d   Thumb Code    20  stm32f1xx_hal_rcc.o(i.HAL_RCC_GetPCLK2Freq)
    HAL_RCC_GetSysClockFreq                  0x0800104d   Thumb Code    74  stm32f1xx_hal_rcc.o(i.HAL_RCC_GetSysClockFreq)
    HAL_RCC_OscConfig                        0x080010b9   Thumb Code   778  stm32f1xx_hal_rcc.o(i.HAL_RCC_OscConfig)
    HAL_SYSTICK_Config                       0x080013d9   Thumb Code    40  stm32f1xx_hal_cortex.o(i.HAL_SYSTICK_Config)
    HAL_UART_Init                            0x08001401   Thumb Code    98  stm32f1xx_hal_uart.o(i.HAL_UART_Init)
    HAL_UART_MspInit                         0x08001465   Thumb Code    98  usart.o(i.HAL_UART_MspInit)
    HardFault_Handler                        0x080014d5   Thumb Code     2  stm32f1xx_it.o(i.HardFault_Handler)
    MX_CAN_Init                              0x080014d9   Thumb Code    58  can.o(i.MX_CAN_Init)
    MX_GPIO_Init                             0x0800151d   Thumb Code   120  gpio.o(i.MX_GPIO_Init)
    MX_USART2_UART_Init                      0x0800159d   Thumb Code    48  usart.o(i.MX_USART2_UART_Init)
    MemManage_Handler                        0x080015d5   Thumb Code     2  stm32f1xx_it.o(i.MemManage_Handler)
    NMI_Handler                              0x080015d7   Thumb Code     2  stm32f1xx_it.o(i.NMI_Handler)
    SysTick_Handler                          0x080015d9   Thumb Code    26  cmsis_os2.o(i.SysTick_Handler)
    SystemClock_Config                       0x080015f3   Thumb Code    94  main.o(i.SystemClock_Config)
    SystemInit                               0x08001651   Thumb Code     2  system_stm32f1xx.o(i.SystemInit)
    UsageFault_Handler                       0x0800170d   Thumb Code     2  stm32f1xx_it.o(i.UsageFault_Handler)
    __scatterload_copy                       0x0800172f   Thumb Code    14  handlers.o(i.__scatterload_copy)
    __scatterload_null                       0x0800173d   Thumb Code     2  handlers.o(i.__scatterload_null)
    __scatterload_zeroinit                   0x0800173f   Thumb Code    14  handlers.o(i.__scatterload_zeroinit)
    main                                     0x0800174d   Thumb Code    64  main.o(i.main)
    osDelay                                  0x080017a1   Thumb Code    46  cmsis_os2.o(i.osDelay)
    osKernelInitialize                       0x080017d5   Thumb Code    56  cmsis_os2.o(i.osKernelInitialize)
    osKernelStart                            0x08001811   Thumb Code    64  cmsis_os2.o(i.osKernelStart)
    osThreadNew                              0x08001859   Thumb Code   158  cmsis_os2.o(i.osThreadNew)
    pvPortMalloc                             0x0800202d   Thumb Code   162  heap_4.o(i.pvPortMalloc)
    pxPortInitialiseStack                    0x080020d5   Thumb Code    32  port.o(i.pxPortInitialiseStack)
    rand                                     0x080020f9   Thumb Code    20  xorshift.o(i.rand)
    rand_array                               0x08002111   Thumb Code    32  xorshift.o(i.rand_array)
    sendBatteryCANMsg                        0x08002131   Thumb Code   120  main.o(i.sendBatteryCANMsg)
    sendMotorTempMsg                         0x080021b9   Thumb Code    96  main.o(i.sendMotorTempMsg)
    uxListRemove                             0x08002225   Thumb Code    38  list.o(i.uxListRemove)
    vApplicationGetIdleTaskMemory            0x0800224d   Thumb Code    16  cmsis_os2.o(i.vApplicationGetIdleTaskMemory)
    vApplicationGetTimerTaskMemory           0x08002261   Thumb Code    16  cmsis_os2.o(i.vApplicationGetTimerTaskMemory)
    vApplicationStackOverflowHook            0x08002275   Thumb Code     2  cmsis_os2.o(i.vApplicationStackOverflowHook)
    vListInitialise                          0x08002277   Thumb Code    22  list.o(i.vListInitialise)
    vListInitialiseItem                      0x0800228d   Thumb Code     6  list.o(i.vListInitialiseItem)
    vListInsert                              0x08002293   Thumb Code    48  list.o(i.vListInsert)
    vListInsertEnd                           0x080022c3   Thumb Code    24  list.o(i.vListInsertEnd)
    vPortEnterCritical                       0x080022dd   Thumb Code    24  port.o(i.vPortEnterCritical)
    vPortExitCritical                        0x080022f9   Thumb Code    16  port.o(i.vPortExitCritical)
    vPortFree                                0x0800230d   Thumb Code    70  heap_4.o(i.vPortFree)
    vPortSetupTimerInterrupt                 0x08002359   Thumb Code    32  port.o(i.vPortSetupTimerInterrupt)
    vQueueWaitForMessageRestricted           0x0800237d   Thumb Code    68  queue.o(i.vQueueWaitForMessageRestricted)
    vTaskDelay                               0x080023c1   Thumb Code    50  tasks.o(i.vTaskDelay)
    vTaskInternalSetTimeOutState             0x080023f9   Thumb Code    12  tasks.o(i.vTaskInternalSetTimeOutState)
    vTaskMissedYield                         0x08002409   Thumb Code     8  tasks.o(i.vTaskMissedYield)
    vTaskPlaceOnEventList                    0x08002415   Thumb Code    26  tasks.o(i.vTaskPlaceOnEventList)
    vTaskPlaceOnEventListRestricted          0x08002435   Thumb Code    42  tasks.o(i.vTaskPlaceOnEventListRestricted)
    vTaskStartScheduler                      0x08002465   Thumb Code   106  tasks.o(i.vTaskStartScheduler)
    vTaskSuspendAll                          0x080024e1   Thumb Code    10  tasks.o(i.vTaskSuspendAll)
    vTaskSwitchContext                       0x080024f1   Thumb Code   130  tasks.o(i.vTaskSwitchContext)
    xPortStartScheduler                      0x0800257d   Thumb Code    38  port.o(i.xPortStartScheduler)
    xPortSysTickHandler                      0x080025ad   Thumb Code    38  port.o(i.xPortSysTickHandler)
    xQueueGenericCreateStatic                0x080025d9   Thumb Code    34  queue.o(i.xQueueGenericCreateStatic)
    xQueueGenericReset                       0x080025fd   Thumb Code   112  queue.o(i.xQueueGenericReset)
    xQueueGenericSend                        0x08002671   Thumb Code   260  queue.o(i.xQueueGenericSend)
    xQueueGenericSendFromISR                 0x08002779   Thumb Code   124  queue.o(i.xQueueGenericSendFromISR)
    xQueueReceive                            0x080027f5   Thumb Code   254  queue.o(i.xQueueReceive)
    xTaskCheckForTimeOut                     0x080028f9   Thumb Code    76  tasks.o(i.xTaskCheckForTimeOut)
    xTaskCreate                              0x08002949   Thumb Code    90  tasks.o(i.xTaskCreate)
    xTaskCreateStatic                        0x080029a3   Thumb Code    54  tasks.o(i.xTaskCreateStatic)
    xTaskGetSchedulerState                   0x080029d9   Thumb Code    22  tasks.o(i.xTaskGetSchedulerState)
    xTaskGetTickCount                        0x080029f5   Thumb Code     6  tasks.o(i.xTaskGetTickCount)
    xTaskIncrementTick                       0x08002a01   Thumb Code   188  tasks.o(i.xTaskIncrementTick)
    xTaskPriorityDisinherit                  0x08002ac5   Thumb Code    96  tasks.o(i.xTaskPriorityDisinherit)
    xTaskRemoveFromEventList                 0x08002b2d   Thumb Code    96  tasks.o(i.xTaskRemoveFromEventList)
    xTaskResumeAll                           0x08002b99   Thumb Code   174  tasks.o(i.xTaskResumeAll)
    xTimerCreateTimerTask                    0x08002c55   Thumb Code    66  timers.o(i.xTimerCreateTimerTask)
    xTimerGenericCommand                     0x08002ca9   Thumb Code    90  timers.o(i.xTimerGenericCommand)
    xorshift32                               0x08002d09   Thumb Code    20  xorshift.o(i.xorshift32)
    sendBatteryCANMsg_attr                   0x08002d1c   Data          36  main.o(.constdata)
    sendMotorTempMsg_attr                    0x08002d40   Data          36  main.o(.constdata)
    AHBPrescTable                            0x08002d64   Data          16  system_stm32f1xx.o(.constdata)
    APBPrescTable                            0x08002d74   Data           8  system_stm32f1xx.o(.constdata)
    EventRecorderInfo                        0x08002d7c   Data          24  eventrecorder.o(.constdata)
    Region$$Table$$Base                      0x08002db8   Number         0  anon$$obj.o(Region$$Table)
    Region$$Table$$Limit                     0x08002dd8   Number         0  anon$$obj.o(Region$$Table)
    changing_motor_temp                      0x20000000   Data           1  main.o(.data)
    status                                   0x20000001   Data           1  main.o(.data)
    error                                    0x20000002   Data           1  main.o(.data)
    sendBatteryCANMsgHandle                  0x20000004   Data           4  main.o(.data)
    sendMotorTempMsgHandle                   0x20000008   Data           4  main.o(.data)
    motor_temp                               0x2000000c   Data           4  main.o(.data)
    can_mailbox                              0x20000010   Data           4  main.o(.data)
    free_level                               0x20000014   Data           4  main.o(.data)
    motor_temp_msg_header                    0x20000018   Data          24  main.o(.data)
    can_battery_headers                      0x20000030   Data         120  can.o(.data)
    uwTickFreq                               0x200000ac   Data           1  stm32f1xx_hal.o(.data)
    uwTickPrio                               0x200000b0   Data           4  stm32f1xx_hal.o(.data)
    uwTick                                   0x200000b4   Data           4  stm32f1xx_hal.o(.data)
    SystemCoreClock                          0x200000b8   Data           4  system_stm32f1xx.o(.data)
    pxCurrentTCB                             0x200000e8   Data           4  tasks.o(.data)
    hcan                                     0x20000138   Data          40  can.o(.bss)
    huart2                                   0x20000160   Data          68  usart.o(.bss)
    __initial_sp                             0x20003e08   Data           0  startup_stm32f103xb.o(STACK)



==============================================================================

Memory Map of the image

  Image Entry point : 0x080000ed

  Load Region LR_IROM1 (Base: 0x08000000, Size: 0x00002f10, Max: 0x00010000, ABSOLUTE, COMPRESSED[0x00002e08])

    Execution Region ER_IROM1 (Exec base: 0x08000000, Load base: 0x08000000, Size: 0x00002dd8, Max: 0x00010000, ABSOLUTE)

    Exec Addr    Load Addr    Size         Type   Attr      Idx    E Section Name        Object

    0x08000000   0x08000000   0x000000ec   Data   RO            3    RESET               startup_stm32f103xb.o
    0x080000ec   0x080000ec   0x00000000   Code   RO         4511  * .ARM.Collect$$$$00000000  mc_w.l(entry.o)
    0x080000ec   0x080000ec   0x00000004   Code   RO         4524    .ARM.Collect$$$$00000001  mc_w.l(entry2.o)
    0x080000f0   0x080000f0   0x00000004   Code   RO         4527    .ARM.Collect$$$$00000004  mc_w.l(entry5.o)
    0x080000f4   0x080000f4   0x00000000   Code   RO         4529    .ARM.Collect$$$$00000008  mc_w.l(entry7b.o)
    0x080000f4   0x080000f4   0x00000000   Code   RO         4531    .ARM.Collect$$$$0000000A  mc_w.l(entry8b.o)
    0x080000f4   0x080000f4   0x00000008   Code   RO         4532    .ARM.Collect$$$$0000000B  mc_w.l(entry9a.o)
    0x080000fc   0x080000fc   0x00000004   Code   RO         4539    .ARM.Collect$$$$0000000E  mc_w.l(entry12b.o)
    0x08000100   0x08000100   0x00000000   Code   RO         4534    .ARM.Collect$$$$0000000F  mc_w.l(entry10a.o)
    0x08000100   0x08000100   0x00000000   Code   RO         4536    .ARM.Collect$$$$00000011  mc_w.l(entry11a.o)
    0x08000100   0x08000100   0x00000004   Code   RO         4525    .ARM.Collect$$$$00002712  mc_w.l(entry2.o)
    0x08000104   0x08000104   0x00000074   Code   RO         2747    .emb_text           eventrecorder.o
    0x08000178   0x08000178   0x00000096   Code   RO         3653    .emb_text           port.o
    0x0800020e   0x0800020e   0x00000002   PAD
    0x08000210   0x08000210   0x00000024   Code   RO            4    .text               startup_stm32f103xb.o
    0x08000234   0x08000234   0x00000024   Code   RO         4516    .text               mc_w.l(memcpya.o)
    0x08000258   0x08000258   0x00000024   Code   RO         4518    .text               mc_w.l(memseta.o)
    0x0800027c   0x0800027c   0x0000000a   Code   RO         4522    .text               mf_w.l(ffltui.o)
    0x08000286   0x08000286   0x00000000   Code   RO         4540    .text               mc_w.l(iusefp.o)
    0x08000286   0x08000286   0x0000006e   Code   RO         4541    .text               mf_w.l(fepilogue.o)
    0x080002f4   0x080002f4   0x00000024   Code   RO         4543    .text               mc_w.l(init.o)
    0x08000318   0x08000318   0x00000056   Code   RO         4553    .text               mc_w.l(__dczerorl2.o)
    0x0800036e   0x0800036e   0x00000002   Code   RO          289    i.BusFault_Handler  stm32f1xx_it.o
    0x08000370   0x08000370   0x00000002   Code   RO          290    i.DebugMon_Handler  stm32f1xx_it.o
    0x08000372   0x08000372   0x00000004   Code   RO           13    i.Error_Handler     main.o
    0x08000376   0x08000376   0x00000002   PAD
    0x08000378   0x08000378   0x00000024   Code   RO         2748    i.EventCheckFilter  eventrecorder.o
    0x0800039c   0x0800039c   0x00000034   Code   RO         2749    i.EventGetTS        eventrecorder.o
    0x080003d0   0x080003d0   0x00000036   Code   RO         2750    i.EventRecord2      eventrecorder.o
    0x08000406   0x08000406   0x00000002   PAD
    0x08000408   0x08000408   0x00000070   Code   RO         2751    i.EventRecord4      eventrecorder.o
    0x08000478   0x08000478   0x000000ac   Code   RO         2753    i.EventRecordItem   eventrecorder.o
    0x08000524   0x08000524   0x0000005c   Code   RO         2756    i.EventRecorderEnable  eventrecorder.o
    0x08000580   0x08000580   0x0000010c   Code   RO         2757    i.EventRecorderInitialize  eventrecorder.o
    0x0800068c   0x0800068c   0x0000002c   Code   RO         2758    i.EventRecorderStart  eventrecorder.o
    0x080006b8   0x080006b8   0x0000000c   Code   RO         2760    i.EventRecorderTimerGetCount  eventrecorder.o
    0x080006c4   0x080006c4   0x0000000c   Code   RO         2761    i.EventRecorderTimerGetFreq  eventrecorder.o
    0x080006d0   0x080006d0   0x00000020   Code   RO         2762    i.EventRecorderTimerSetup  eventrecorder.o
    0x080006f0   0x080006f0   0x00000010   Code   RO         2880    i.EvrFreeRTOSHeap_Free  freertos_evr.o
    0x08000700   0x08000700   0x0000000c   Code   RO         2881    i.EvrFreeRTOSHeap_Malloc  freertos_evr.o
    0x0800070c   0x0800070c   0x00000010   Code   RO         2882    i.EvrFreeRTOSQueue_BlockingOnQueueReceive  freertos_evr.o
    0x0800071c   0x0800071c   0x00000010   Code   RO         2883    i.EvrFreeRTOSQueue_BlockingOnQueueSend  freertos_evr.o
    0x0800072c   0x0800072c   0x00000010   Code   RO         2890    i.EvrFreeRTOSQueue_QueueCreate  freertos_evr.o
    0x0800073c   0x0800073c   0x0000000c   Code   RO         2891    i.EvrFreeRTOSQueue_QueueCreateFailed  freertos_evr.o
    0x08000748   0x08000748   0x00000010   Code   RO         2897    i.EvrFreeRTOSQueue_QueueReceive  freertos_evr.o
    0x08000758   0x08000758   0x0000000c   Code   RO         2898    i.EvrFreeRTOSQueue_QueueReceiveFailed  freertos_evr.o
    0x08000764   0x08000764   0x00000010   Code   RO         2902    i.EvrFreeRTOSQueue_QueueSend  freertos_evr.o
    0x08000774   0x08000774   0x0000000c   Code   RO         2903    i.EvrFreeRTOSQueue_QueueSendFailed  freertos_evr.o
    0x08000780   0x08000780   0x00000010   Code   RO         2904    i.EvrFreeRTOSQueue_QueueSendFromIsr  freertos_evr.o
    0x08000790   0x08000790   0x0000000c   Code   RO         2905    i.EvrFreeRTOSQueue_QueueSendFromIsrFailed  freertos_evr.o
    0x0800079c   0x0800079c   0x00000070   Code   RO         2908    i.EvrFreeRTOSSetup  freertos_evr.o
    0x0800080c   0x0800080c   0x00000010   Code   RO         2925    i.EvrFreeRTOSTasks_MovedTaskToReadyState  freertos_evr.o
    0x0800081c   0x0800081c   0x00000010   Code   RO         2926    i.EvrFreeRTOSTasks_PostMovedTaskToReadyState  freertos_evr.o
    0x0800082c   0x0800082c   0x0000000c   Code   RO         2927    i.EvrFreeRTOSTasks_TaskCreate  freertos_evr.o
    0x08000838   0x08000838   0x00000010   Code   RO         2929    i.EvrFreeRTOSTasks_TaskDelay  freertos_evr.o
    0x08000848   0x08000848   0x00000010   Code   RO         2930    i.EvrFreeRTOSTasks_TaskDelayUntil  freertos_evr.o
    0x08000858   0x08000858   0x00000010   Code   RO         2932    i.EvrFreeRTOSTasks_TaskIncrementTick  freertos_evr.o
    0x08000868   0x08000868   0x00000010   Code   RO         2940    i.EvrFreeRTOSTasks_TaskPriorityDisinherit  freertos_evr.o
    0x08000878   0x08000878   0x00000010   Code   RO         2946    i.EvrFreeRTOSTasks_TaskSwitchedIn  freertos_evr.o
    0x08000888   0x08000888   0x00000010   Code   RO         2947    i.EvrFreeRTOSTasks_TaskSwitchedOut  freertos_evr.o
    0x08000898   0x08000898   0x00000018   Code   RO         2950    i.EvrFreeRTOSTimers_TimerCommandReceived  freertos_evr.o
    0x080008b0   0x080008b0   0x00000018   Code   RO         2951    i.EvrFreeRTOSTimers_TimerCommandSend  freertos_evr.o
    0x080008c8   0x080008c8   0x00000010   Code   RO         2954    i.EvrFreeRTOSTimers_TimerExpired  freertos_evr.o
    0x080008d8   0x080008d8   0x000000dc   Code   RO          432    i.HAL_CAN_AddTxMessage  stm32f1xx_hal_can.o
    0x080009b4   0x080009b4   0x0000002c   Code   RO          441    i.HAL_CAN_GetTxMailboxesFreeLevel  stm32f1xx_hal_can.o
    0x080009e0   0x080009e0   0x0000011a   Code   RO          444    i.HAL_CAN_Init      stm32f1xx_hal_can.o
    0x08000afa   0x08000afa   0x00000002   PAD
    0x08000afc   0x08000afc   0x00000084   Code   RO          205    i.HAL_CAN_MspInit   can.o
    0x08000b80   0x08000b80   0x00000058   Code   RO          456    i.HAL_CAN_Start     stm32f1xx_hal_can.o
    0x08000bd8   0x08000bd8   0x000001e0   Code   RO          979    i.HAL_GPIO_Init     stm32f1xx_hal_gpio.o
    0x08000db8   0x08000db8   0x00000010   Code   RO          982    i.HAL_GPIO_TogglePin  stm32f1xx_hal_gpio.o
    0x08000dc8   0x08000dc8   0x0000000a   Code   RO          983    i.HAL_GPIO_WritePin  stm32f1xx_hal_gpio.o
    0x08000dd2   0x08000dd2   0x00000002   PAD
    0x08000dd4   0x08000dd4   0x0000000c   Code   RO          675    i.HAL_GetTick       stm32f1xx_hal.o
    0x08000de0   0x08000de0   0x00000024   Code   RO          682    i.HAL_Init          stm32f1xx_hal.o
    0x08000e04   0x08000e04   0x00000040   Code   RO          683    i.HAL_InitTick      stm32f1xx_hal.o
    0x08000e44   0x08000e44   0x00000038   Code   RO          346    i.HAL_MspInit       stm32f1xx_hal_msp.o
    0x08000e7c   0x08000e7c   0x00000040   Code   RO         1145    i.HAL_NVIC_SetPriority  stm32f1xx_hal_cortex.o
    0x08000ebc   0x08000ebc   0x00000024   Code   RO         1146    i.HAL_NVIC_SetPriorityGrouping  stm32f1xx_hal_cortex.o
    0x08000ee0   0x08000ee0   0x0000012c   Code   RO          839    i.HAL_RCC_ClockConfig  stm32f1xx_hal_rcc.o
    0x0800100c   0x0800100c   0x00000020   Code   RO          846    i.HAL_RCC_GetPCLK1Freq  stm32f1xx_hal_rcc.o
    0x0800102c   0x0800102c   0x00000020   Code   RO          847    i.HAL_RCC_GetPCLK2Freq  stm32f1xx_hal_rcc.o
    0x0800104c   0x0800104c   0x0000006c   Code   RO          848    i.HAL_RCC_GetSysClockFreq  stm32f1xx_hal_rcc.o
    0x080010b8   0x080010b8   0x00000320   Code   RO          851    i.HAL_RCC_OscConfig  stm32f1xx_hal_rcc.o
    0x080013d8   0x080013d8   0x00000028   Code   RO         1150    i.HAL_SYSTICK_Config  stm32f1xx_hal_cortex.o
    0x08001400   0x08001400   0x00000062   Code   RO         1704    i.HAL_UART_Init     stm32f1xx_hal_uart.o
    0x08001462   0x08001462   0x00000002   PAD
    0x08001464   0x08001464   0x00000070   Code   RO          248    i.HAL_UART_MspInit  usart.o
    0x080014d4   0x080014d4   0x00000002   Code   RO          291    i.HardFault_Handler  stm32f1xx_it.o
    0x080014d6   0x080014d6   0x00000002   PAD
    0x080014d8   0x080014d8   0x00000044   Code   RO          206    i.MX_CAN_Init       can.o
    0x0800151c   0x0800151c   0x00000080   Code   RO          180    i.MX_GPIO_Init      gpio.o
    0x0800159c   0x0800159c   0x00000038   Code   RO          249    i.MX_USART2_UART_Init  usart.o
    0x080015d4   0x080015d4   0x00000002   Code   RO          292    i.MemManage_Handler  stm32f1xx_it.o
    0x080015d6   0x080015d6   0x00000002   Code   RO          293    i.NMI_Handler       stm32f1xx_it.o
    0x080015d8   0x080015d8   0x0000001a   Code   RO         2143    i.SysTick_Handler   cmsis_os2.o
    0x080015f2   0x080015f2   0x0000005e   Code   RO           14    i.SystemClock_Config  main.o
    0x08001650   0x08001650   0x00000002   Code   RO         2033    i.SystemInit        system_stm32f1xx.o
    0x08001652   0x08001652   0x00000002   PAD
    0x08001654   0x08001654   0x000000b8   Code   RO         1730    i.UART_SetConfig    stm32f1xx_hal_uart.o
    0x0800170c   0x0800170c   0x00000002   Code   RO          294    i.UsageFault_Handler  stm32f1xx_it.o
    0x0800170e   0x0800170e   0x00000020   Code   RO         1152    i.__NVIC_SetPriority  stm32f1xx_hal_cortex.o
    0x0800172e   0x0800172e   0x0000000e   Code   RO         4547    i.__scatterload_copy  mc_w.l(handlers.o)
    0x0800173c   0x0800173c   0x00000002   Code   RO         4548    i.__scatterload_null  mc_w.l(handlers.o)
    0x0800173e   0x0800173e   0x0000000e   Code   RO         4549    i.__scatterload_zeroinit  mc_w.l(handlers.o)
    0x0800174c   0x0800174c   0x00000054   Code   RO           16    i.main              main.o
    0x080017a0   0x080017a0   0x00000034   Code   RO         2145    i.osDelay           cmsis_os2.o
    0x080017d4   0x080017d4   0x0000003c   Code   RO         2159    i.osKernelInitialize  cmsis_os2.o
    0x08001810   0x08001810   0x00000048   Code   RO         2162    i.osKernelStart     cmsis_os2.o
    0x08001858   0x08001858   0x000000a4   Code   RO         2204    i.osThreadNew       cmsis_os2.o
    0x080018fc   0x080018fc   0x0000005c   Code   RO         3963    i.prvAddCurrentTaskToDelayedList  tasks.o
    0x08001958   0x08001958   0x000000e0   Code   RO         3964    i.prvAddNewTaskToReadyList  tasks.o
    0x08001a38   0x08001a38   0x00000048   Code   RO         4349    i.prvCheckForValidListAndQueue  timers.o
    0x08001a80   0x08001a80   0x00000026   Code   RO         3736    i.prvCopyDataFromQueue  queue.o
    0x08001aa6   0x08001aa6   0x0000006c   Code   RO         3737    i.prvCopyDataToQueue  queue.o
    0x08001b12   0x08001b12   0x00000022   Code   RO         3965    i.prvDeleteTCB      tasks.o
    0x08001b34   0x08001b34   0x00000048   Code   RO         3586    i.prvHeapInit       heap_4.o
    0x08001b7c   0x08001b7c   0x00000060   Code   RO         3966    i.prvIdleTask       tasks.o
    0x08001bdc   0x08001bdc   0x0000002a   Code   RO         3739    i.prvInitialiseNewQueue  queue.o
    0x08001c06   0x08001c06   0x00000002   PAD
    0x08001c08   0x08001c08   0x0000009c   Code   RO         3967    i.prvInitialiseNewTask  tasks.o
    0x08001ca4   0x08001ca4   0x0000004c   Code   RO         3587    i.prvInsertBlockIntoFreeList  heap_4.o
    0x08001cf0   0x08001cf0   0x00000038   Code   RO         4351    i.prvInsertTimerInActiveList  timers.o
    0x08001d28   0x08001d28   0x0000001c   Code   RO         3740    i.prvIsQueueEmpty   queue.o
    0x08001d44   0x08001d44   0x000000ec   Code   RO         4352    i.prvProcessReceivedCommands  timers.o
    0x08001e30   0x08001e30   0x000000b4   Code   RO         4353    i.prvProcessTimerOrBlockTask  timers.o
    0x08001ee4   0x08001ee4   0x00000020   Code   RO         3969    i.prvResetNextTaskUnblockTime  tasks.o
    0x08001f04   0x08001f04   0x00000028   Code   RO         4354    i.prvSampleTimeNow  timers.o
    0x08001f2c   0x08001f2c   0x00000060   Code   RO         4355    i.prvSwitchTimerLists  timers.o
    0x08001f8c   0x08001f8c   0x00000010   Code   RO         3654    i.prvTaskExitError  port.o
    0x08001f9c   0x08001f9c   0x00000024   Code   RO         4356    i.prvTimerTask      timers.o
    0x08001fc0   0x08001fc0   0x0000006a   Code   RO         3741    i.prvUnlockQueue    queue.o
    0x0800202a   0x0800202a   0x00000002   PAD
    0x0800202c   0x0800202c   0x000000a8   Code   RO         3588    i.pvPortMalloc      heap_4.o
    0x080020d4   0x080020d4   0x00000024   Code   RO         3655    i.pxPortInitialiseStack  port.o
    0x080020f8   0x080020f8   0x00000018   Code   RO          367    i.rand              xorshift.o
    0x08002110   0x08002110   0x00000020   Code   RO          368    i.rand_array        xorshift.o
    0x08002130   0x08002130   0x00000088   Code   RO           17    i.sendBatteryCANMsg  main.o
    0x080021b8   0x080021b8   0x0000006c   Code   RO           18    i.sendMotorTempMsg  main.o
    0x08002224   0x08002224   0x00000026   Code   RO         3535    i.uxListRemove      list.o
    0x0800224a   0x0800224a   0x00000002   PAD
    0x0800224c   0x0800224c   0x00000014   Code   RO         2216    i.vApplicationGetIdleTaskMemory  cmsis_os2.o
    0x08002260   0x08002260   0x00000014   Code   RO         2217    i.vApplicationGetTimerTaskMemory  cmsis_os2.o
    0x08002274   0x08002274   0x00000002   Code   RO         2218    i.vApplicationStackOverflowHook  cmsis_os2.o
    0x08002276   0x08002276   0x00000016   Code   RO         3536    i.vListInitialise   list.o
    0x0800228c   0x0800228c   0x00000006   Code   RO         3537    i.vListInitialiseItem  list.o
    0x08002292   0x08002292   0x00000030   Code   RO         3538    i.vListInsert       list.o
    0x080022c2   0x080022c2   0x00000018   Code   RO         3539    i.vListInsertEnd    list.o
    0x080022da   0x080022da   0x00000002   PAD
    0x080022dc   0x080022dc   0x0000001c   Code   RO         3657    i.vPortEnterCritical  port.o
    0x080022f8   0x080022f8   0x00000014   Code   RO         3658    i.vPortExitCritical  port.o
    0x0800230c   0x0800230c   0x0000004c   Code   RO         3589    i.vPortFree         heap_4.o
    0x08002358   0x08002358   0x00000024   Code   RO         3659    i.vPortSetupTimerInterrupt  port.o
    0x0800237c   0x0800237c   0x00000044   Code   RO         3749    i.vQueueWaitForMessageRestricted  queue.o
    0x080023c0   0x080023c0   0x00000038   Code   RO         3982    i.vTaskDelay        tasks.o
    0x080023f8   0x080023f8   0x00000010   Code   RO         3987    i.vTaskInternalSetTimeOutState  tasks.o
    0x08002408   0x08002408   0x0000000c   Code   RO         3988    i.vTaskMissedYield  tasks.o
    0x08002414   0x08002414   0x00000020   Code   RO         3990    i.vTaskPlaceOnEventList  tasks.o
    0x08002434   0x08002434   0x00000030   Code   RO         3991    i.vTaskPlaceOnEventListRestricted  tasks.o
    0x08002464   0x08002464   0x0000007c   Code   RO         3999    i.vTaskStartScheduler  tasks.o
    0x080024e0   0x080024e0   0x00000010   Code   RO         4001    i.vTaskSuspendAll   tasks.o
    0x080024f0   0x080024f0   0x0000008c   Code   RO         4002    i.vTaskSwitchContext  tasks.o
    0x0800257c   0x0800257c   0x00000030   Code   RO         3660    i.xPortStartScheduler  port.o
    0x080025ac   0x080025ac   0x0000002c   Code   RO         3661    i.xPortSysTickHandler  port.o
    0x080025d8   0x080025d8   0x00000022   Code   RO         3755    i.xQueueGenericCreateStatic  queue.o
    0x080025fa   0x080025fa   0x00000002   PAD
    0x080025fc   0x080025fc   0x00000074   Code   RO         3756    i.xQueueGenericReset  queue.o
    0x08002670   0x08002670   0x00000108   Code   RO         3757    i.xQueueGenericSend  queue.o
    0x08002778   0x08002778   0x0000007c   Code   RO         3758    i.xQueueGenericSendFromISR  queue.o
    0x080027f4   0x080027f4   0x00000104   Code   RO         3767    i.xQueueReceive     queue.o
    0x080028f8   0x080028f8   0x00000050   Code   RO         4004    i.xTaskCheckForTimeOut  tasks.o
    0x08002948   0x08002948   0x0000005a   Code   RO         4005    i.xTaskCreate       tasks.o
    0x080029a2   0x080029a2   0x00000036   Code   RO         4006    i.xTaskCreateStatic  tasks.o
    0x080029d8   0x080029d8   0x0000001c   Code   RO         4010    i.xTaskGetSchedulerState  tasks.o
    0x080029f4   0x080029f4   0x0000000c   Code   RO         4011    i.xTaskGetTickCount  tasks.o
    0x08002a00   0x08002a00   0x000000c4   Code   RO         4013    i.xTaskIncrementTick  tasks.o
    0x08002ac4   0x08002ac4   0x00000068   Code   RO         4016    i.xTaskPriorityDisinherit  tasks.o
    0x08002b2c   0x08002b2c   0x0000006c   Code   RO         4018    i.xTaskRemoveFromEventList  tasks.o
    0x08002b98   0x08002b98   0x000000bc   Code   RO         4019    i.xTaskResumeAll    tasks.o
    0x08002c54   0x08002c54   0x00000054   Code   RO         4365    i.xTimerCreateTimerTask  timers.o
    0x08002ca8   0x08002ca8   0x00000060   Code   RO         4366    i.xTimerGenericCommand  timers.o
    0x08002d08   0x08002d08   0x00000014   Code   RO          369    i.xorshift32        xorshift.o
    0x08002d1c   0x08002d1c   0x00000048   Data   RO           19    .constdata          main.o
    0x08002d64   0x08002d64   0x00000010   Data   RO         2034    .constdata          system_stm32f1xx.o
    0x08002d74   0x08002d74   0x00000008   Data   RO         2035    .constdata          system_stm32f1xx.o
    0x08002d7c   0x08002d7c   0x00000018   Data   RO         2764    .constdata          eventrecorder.o
    0x08002d94   0x08002d94   0x00000022   Data   RO           21    .conststring        main.o
    0x08002db6   0x08002db6   0x00000002   PAD
    0x08002db8   0x08002db8   0x00000020   Data   RO         4545    Region$$Table       anon$$obj.o


    Execution Region RW_IRAM1 (Exec base: 0x20000000, Load base: 0x08002dd8, Size: 0x00003e08, Max: 0x00004800, ABSOLUTE, COMPRESSED[0x00000030])

    Exec Addr    Load Addr    Size         Type   Attr      Idx    E Section Name        Object

    0x20000000   COMPRESSED   0x00000030   Data   RW           23    .data               main.o
    0x20000030   COMPRESSED   0x00000078   Data   RW          208    .data               can.o
    0x200000a8   COMPRESSED   0x00000004   Data   RW          370    .data               xorshift.o
    0x200000ac   COMPRESSED   0x0000000c   Data   RW          689    .data               stm32f1xx_hal.o
    0x200000b8   COMPRESSED   0x00000004   Data   RW         2036    .data               system_stm32f1xx.o
    0x200000bc   COMPRESSED   0x00000004   Data   RW         2220    .data               cmsis_os2.o
    0x200000c0   COMPRESSED   0x00000001   Data   RW         2955    .data               freertos_evr.o
    0x200000c1   COMPRESSED   0x00000003   PAD
    0x200000c4   COMPRESSED   0x00000020   Data   RW         3595    .data               heap_4.o
    0x200000e4   COMPRESSED   0x00000004   Data   RW         3662    .data               port.o
    0x200000e8   COMPRESSED   0x0000003c   Data   RW         4022    .data               tasks.o
    0x20000124   COMPRESSED   0x00000014   Data   RW         4374    .data               timers.o
    0x20000138        -       0x00000028   Zero   RW          207    .bss                can.o
    0x20000160        -       0x00000044   Zero   RW          250    .bss                usart.o
    0x200001a4        -       0x000003f8   Zero   RW         2219    .bss                cmsis_os2.o
    0x2000059c        -       0x00002ee0   Zero   RW         3594    .bss                heap_4.o
    0x2000347c        -       0x000004c4   Zero   RW         4021    .bss                tasks.o
    0x20003940        -       0x000000c8   Zero   RW         4373    .bss                timers.o
    0x20003a08        -       0x00000400   Zero   RW            1    STACK               startup_stm32f103xb.o


    Execution Region RW_IRAM2 (Exec base: 0x20004800, Load base: 0x08002e08, Size: 0x000004a4, Max: 0x00000800, ABSOLUTE, UNINIT)

    Exec Addr    Load Addr    Size         Type   Attr      Idx    E Section Name        Object

    0x20004800        -       0x000004a4   Zero   RW         2763    .bss.noinit         eventrecorder.o


==============================================================================

Image component sizes


      Code (inc. data)   RO Data    RW Data    ZI Data      Debug   Object Name

       200         28          0        120         40       1699   can.o
         0          0          0          0          0     217268   clib_arm.o
       416         32          0          4       1016      55847   cmsis_os2.o
         0          0          0          0          0       7648   event_groups.o
      1002         82         24          0       1188      17266   eventrecorder.o
       488        114          0          1          0      15926   freertos_evr.o
       128          8          0          0          0        923   gpio.o
       392         24          0         32      12000       4323   heap_4.o
       138          0          0          0          0       8566   list.o
       426         48        106         48          0     411806   main.o
       378         44          0          4          0       9208   port.o
      1188         14          0          0          0      14557   queue.o
        36          8        236          0       1024        788   startup_stm32f103xb.o
       112         20          0         12          0       4727   stm32f1xx_hal.o
       634          0          0          0          0       3788   stm32f1xx_hal_can.o
       172         14          0          0          0      28210   stm32f1xx_hal_cortex.o
       506         34          0          0          0       3441   stm32f1xx_hal_gpio.o
        56          8          0          0          0        838   stm32f1xx_hal_msp.o
      1272        100          0          0          0       5100   stm32f1xx_hal_rcc.o
       282          6          0          0          0       1828   stm32f1xx_hal_uart.o
        12          0          0          0          0       2501   stm32f1xx_it.o
         2          0         24          4          0       1071   system_stm32f1xx.o
      1938        162          0         60       1220      34172   tasks.o
       896         72          0         20        200      11571   timers.o
       168         22          0          0         68       1614   usart.o
        76          4          0          4          0       1887   xorshift.o

    ----------------------------------------------------------------------
     10944        844        424        312      16756     866573   Object Totals
         0          0         32          0          0          0   (incl. Generated)
        26          0          2          3          0          0   (incl. Padding)

    ----------------------------------------------------------------------

      Code (inc. data)   RO Data    RW Data    ZI Data      Debug   Library Member Name

        86          0          0          0          0          0   __dczerorl2.o
         0          0          0          0          0          0   entry.o
         0          0          0          0          0          0   entry10a.o
         0          0          0          0          0          0   entry11a.o
         4          0          0          0          0          0   entry12b.o
         8          4          0          0          0          0   entry2.o
         4          0          0          0          0          0   entry5.o
         0          0          0          0          0          0   entry7b.o
         0          0          0          0          0          0   entry8b.o
         8          4          0          0          0          0   entry9a.o
        30          0          0          0          0          0   handlers.o
        36          8          0          0          0         68   init.o
         0          0          0          0          0          0   iusefp.o
        36          0          0          0          0         68   memcpya.o
        36          0          0          0          0        108   memseta.o
       110          0          0          0          0        168   fepilogue.o
        10          0          0          0          0         68   ffltui.o

    ----------------------------------------------------------------------
       368         16          0          0          0        480   Library Totals
         0          0          0          0          0          0   (incl. Padding)

    ----------------------------------------------------------------------

      Code (inc. data)   RO Data    RW Data    ZI Data      Debug   Library Name

       248         16          0          0          0        244   mc_w.l
       120          0          0          0          0        236   mf_w.l

    ----------------------------------------------------------------------
       368         16          0          0          0        480   Library Totals

    ----------------------------------------------------------------------

==============================================================================


      Code (inc. data)   RO Data    RW Data    ZI Data      Debug   

     11312        860        424        312      16756     859797   Grand Totals
     11312        860        424         48      16756     859797   ELF Image Totals (compressed)
     11312        860        424         48          0          0   ROM Totals

==============================================================================

    Total RO  Size (Code + RO Data)                11736 (  11.46kB)
    Total RW  Size (RW Data + ZI Data)             17068 (  16.67kB)
    Total ROM Size (Code + RO Data + RW Data)      11784 (  11.51kB)

==============================================================================

